Archive member included to satisfy reference by file (symbol)

c:/apps/stm32cubeide/plugins/com.st.stm32cube.ide.mcu.externaltools.gnu-tools-for-stm32.10.3-2021.10.win32_1.0.0.202111181127/tools/bin/../lib/gcc/arm-none-eabi/10.3.1/../../../../arm-none-eabi/lib/thumb/v6-m/nofp\libc_nano.a(lib_a-assert.o)
                              ./modbus/mbrtu.o (__assert_func)
c:/apps/stm32cubeide/plugins/com.st.stm32cube.ide.mcu.externaltools.gnu-tools-for-stm32.10.3-2021.10.win32_1.0.0.202111181127/tools/bin/../lib/gcc/arm-none-eabi/10.3.1/../../../../arm-none-eabi/lib/thumb/v6-m/nofp\libc_nano.a(lib_a-atoi.o)
                              ./Core/Src/main.o (atoi)
c:/apps/stm32cubeide/plugins/com.st.stm32cube.ide.mcu.externaltools.gnu-tools-for-stm32.10.3-2021.10.win32_1.0.0.202111181127/tools/bin/../lib/gcc/arm-none-eabi/10.3.1/../../../../arm-none-eabi/lib/thumb/v6-m/nofp\libc_nano.a(lib_a-calloc.o)
                              ./MedianFilter/MedianFilter.o (calloc)
c:/apps/stm32cubeide/plugins/com.st.stm32cube.ide.mcu.externaltools.gnu-tools-for-stm32.10.3-2021.10.win32_1.0.0.202111181127/tools/bin/../lib/gcc/arm-none-eabi/10.3.1/../../../../arm-none-eabi/lib/thumb/v6-m/nofp\libc_nano.a(lib_a-errno.o)
                              ./Core/Src/syscalls.o (__errno)
c:/apps/stm32cubeide/plugins/com.st.stm32cube.ide.mcu.externaltools.gnu-tools-for-stm32.10.3-2021.10.win32_1.0.0.202111181127/tools/bin/../lib/gcc/arm-none-eabi/10.3.1/../../../../arm-none-eabi/lib/thumb/v6-m/nofp\libc_nano.a(lib_a-exit.o)
                              c:/apps/stm32cubeide/plugins/com.st.stm32cube.ide.mcu.externaltools.gnu-tools-for-stm32.10.3-2021.10.win32_1.0.0.202111181127/tools/bin/../lib/gcc/arm-none-eabi/10.3.1/../../../../arm-none-eabi/lib/thumb/v6-m/nofp/crt0.o (exit)
c:/apps/stm32cubeide/plugins/com.st.stm32cube.ide.mcu.externaltools.gnu-tools-for-stm32.10.3-2021.10.win32_1.0.0.202111181127/tools/bin/../lib/gcc/arm-none-eabi/10.3.1/../../../../arm-none-eabi/lib/thumb/v6-m/nofp\libc_nano.a(lib_a-fprintf.o)
                              c:/apps/stm32cubeide/plugins/com.st.stm32cube.ide.mcu.externaltools.gnu-tools-for-stm32.10.3-2021.10.win32_1.0.0.202111181127/tools/bin/../lib/gcc/arm-none-eabi/10.3.1/../../../../arm-none-eabi/lib/thumb/v6-m/nofp\libc_nano.a(lib_a-assert.o) (fiprintf)
c:/apps/stm32cubeide/plugins/com.st.stm32cube.ide.mcu.externaltools.gnu-tools-for-stm32.10.3-2021.10.win32_1.0.0.202111181127/tools/bin/../lib/gcc/arm-none-eabi/10.3.1/../../../../arm-none-eabi/lib/thumb/v6-m/nofp\libc_nano.a(lib_a-impure.o)
                              c:/apps/stm32cubeide/plugins/com.st.stm32cube.ide.mcu.externaltools.gnu-tools-for-stm32.10.3-2021.10.win32_1.0.0.202111181127/tools/bin/../lib/gcc/arm-none-eabi/10.3.1/../../../../arm-none-eabi/lib/thumb/v6-m/nofp\libc_nano.a(lib_a-exit.o) (_global_impure_ptr)
c:/apps/stm32cubeide/plugins/com.st.stm32cube.ide.mcu.externaltools.gnu-tools-for-stm32.10.3-2021.10.win32_1.0.0.202111181127/tools/bin/../lib/gcc/arm-none-eabi/10.3.1/../../../../arm-none-eabi/lib/thumb/v6-m/nofp\libc_nano.a(lib_a-init.o)
                              c:/apps/stm32cubeide/plugins/com.st.stm32cube.ide.mcu.externaltools.gnu-tools-for-stm32.10.3-2021.10.win32_1.0.0.202111181127/tools/bin/../lib/gcc/arm-none-eabi/10.3.1/../../../../arm-none-eabi/lib/thumb/v6-m/nofp/crt0.o (__libc_init_array)
c:/apps/stm32cubeide/plugins/com.st.stm32cube.ide.mcu.externaltools.gnu-tools-for-stm32.10.3-2021.10.win32_1.0.0.202111181127/tools/bin/../lib/gcc/arm-none-eabi/10.3.1/../../../../arm-none-eabi/lib/thumb/v6-m/nofp\libc_nano.a(lib_a-malloc.o)
                              ./MedianFilter/MedianFilter.o (malloc)
c:/apps/stm32cubeide/plugins/com.st.stm32cube.ide.mcu.externaltools.gnu-tools-for-stm32.10.3-2021.10.win32_1.0.0.202111181127/tools/bin/../lib/gcc/arm-none-eabi/10.3.1/../../../../arm-none-eabi/lib/thumb/v6-m/nofp\libc_nano.a(lib_a-memcpy-stub.o)
                              ./modbus/mbfuncother.o (memcpy)
c:/apps/stm32cubeide/plugins/com.st.stm32cube.ide.mcu.externaltools.gnu-tools-for-stm32.10.3-2021.10.win32_1.0.0.202111181127/tools/bin/../lib/gcc/arm-none-eabi/10.3.1/../../../../arm-none-eabi/lib/thumb/v6-m/nofp\libc_nano.a(lib_a-memset.o)
                              c:/apps/stm32cubeide/plugins/com.st.stm32cube.ide.mcu.externaltools.gnu-tools-for-stm32.10.3-2021.10.win32_1.0.0.202111181127/tools/bin/../lib/gcc/arm-none-eabi/10.3.1/../../../../arm-none-eabi/lib/thumb/v6-m/nofp/crt0.o (memset)
c:/apps/stm32cubeide/plugins/com.st.stm32cube.ide.mcu.externaltools.gnu-tools-for-stm32.10.3-2021.10.win32_1.0.0.202111181127/tools/bin/../lib/gcc/arm-none-eabi/10.3.1/../../../../arm-none-eabi/lib/thumb/v6-m/nofp\libc_nano.a(lib_a-nano-callocr.o)
                              c:/apps/stm32cubeide/plugins/com.st.stm32cube.ide.mcu.externaltools.gnu-tools-for-stm32.10.3-2021.10.win32_1.0.0.202111181127/tools/bin/../lib/gcc/arm-none-eabi/10.3.1/../../../../arm-none-eabi/lib/thumb/v6-m/nofp\libc_nano.a(lib_a-calloc.o) (_calloc_r)
[...]
Memory Configuration

Name             Origin             Length             Attributes
RAM              0x0000000020000000 0x0000000000002000 xrw
FLASH            0x0000000008000000 0x0000000000010000 xr
*default*        0x0000000000000000 0xffffffffffffffff

Linker script and memory map

LOAD c:/apps/stm32cubeide/plugins/com.st.stm32cube.ide.mcu.externaltools.gnu-tools-for-stm32.10.3-2021.10.win32_1.0.0.202111181127/tools/bin/../lib/gcc/arm-none-eabi/10.3.1/thumb/v6-m/nofp/crti.o
LOAD c:/apps/stm32cubeide/plugins/com.st.stm32cube.ide.mcu.externaltools.gnu-tools-for-stm32.10.3-2021.10.win32_1.0.0.202111181127/tools/bin/../lib/gcc/arm-none-eabi/10.3.1/thumb/v6-m/nofp/crtbegin.o
LOAD c:/apps/stm32cubeide/plugins/com.st.stm32cube.ide.mcu.externaltools.gnu-tools-for-stm32.10.3-2021.10.win32_1.0.0.202111181127/tools/bin/../lib/gcc/arm-none-eabi/10.3.1/../../../../arm-none-eabi/lib/thumb/v6-m/nofp/crt0.o
LOAD ./Core/Src/adc.o
LOAD ./Core/Src/dma.o
LOAD ./Core/Src/gpio.o
LOAD ./Core/Src/main.o
LOAD ./Core/Src/spi.o
LOAD ./Core/Src/stm32g0xx_hal_msp.o
LOAD ./Core/Src/stm32g0xx_it.o
LOAD ./Core/Src/syscalls.o
LOAD ./Core/Src/sysmem.o
LOAD ./Core/Src/system_stm32g0xx.o
LOAD ./Core/Src/tim.o
LOAD ./Core/Src/usart.o
LOAD ./Core/Startup/startup_stm32g030k8tx.o
LOAD ./DCMotor/DCMotor.o
LOAD ./Drivers/STM32G0xx_HAL_Driver/Src/stm32g0xx_hal.o
LOAD ./Drivers/STM32G0xx_HAL_Driver/Src/stm32g0xx_hal_adc.o
LOAD ./Drivers/STM32G0xx_HAL_Driver/Src/stm32g0xx_hal_adc_ex.o
LOAD ./Drivers/STM32G0xx_HAL_Driver/Src/stm32g0xx_hal_cortex.o
LOAD ./Drivers/STM32G0xx_HAL_Driver/Src/stm32g0xx_hal_dma.o
LOAD ./Drivers/STM32G0xx_HAL_Driver/Src/stm32g0xx_hal_dma_ex.o
LOAD ./Drivers/STM32G0xx_HAL_Driver/Src/stm32g0xx_hal_exti.o
LOAD ./Drivers/STM32G0xx_HAL_Driver/Src/stm32g0xx_hal_flash.o
LOAD ./Drivers/STM32G0xx_HAL_Driver/Src/stm32g0xx_hal_flash_ex.o
LOAD ./Drivers/STM32G0xx_HAL_Driver/Src/stm32g0xx_hal_gpio.o
LOAD ./Drivers/STM32G0xx_HAL_Driver/Src/stm32g0xx_hal_pwr.o
LOAD ./Drivers/STM32G0xx_HAL_Driver/Src/stm32g0xx_hal_pwr_ex.o
LOAD ./Drivers/STM32G0xx_HAL_Driver/Src/stm32g0xx_hal_rcc.o
LOAD ./Drivers/STM32G0xx_HAL_Driver/Src/stm32g0xx_hal_rcc_ex.o
LOAD ./Drivers/STM32G0xx_HAL_Driver/Src/stm32g0xx_hal_spi.o
LOAD ./Drivers/STM32G0xx_HAL_Driver/Src/stm32g0xx_hal_spi_ex.o
LOAD ./Drivers/STM32G0xx_HAL_Driver/Src/stm32g0xx_hal_tim.o
LOAD ./Drivers/STM32G0xx_HAL_Driver/Src/stm32g0xx_hal_tim_ex.o
LOAD ./Drivers/STM32G0xx_HAL_Driver/Src/stm32g0xx_hal_uart.o
LOAD ./Drivers/STM32G0xx_HAL_Driver/Src/stm32g0xx_hal_uart_ex.o
LOAD ./Drivers/STM32G0xx_HAL_Driver/Src/stm32g0xx_ll_adc.o
LOAD ./Drivers/STM32G0xx_HAL_Driver/Src/stm32g0xx_ll_dma.o
LOAD ./Drivers/STM32G0xx_HAL_Driver/Src/stm32g0xx_ll_rcc.o
LOAD ./MedianFilter/MedianFilter.o
LOAD ./modbus/mb.o
LOAD ./modbus/mbcrc.o
LOAD ./modbus/mbfunccoils.o
LOAD ./modbus/mbfuncdiag.o
LOAD ./modbus/mbfuncdisc.o
LOAD ./modbus/mbfuncholding.o
LOAD ./modbus/mbfuncinput.o
LOAD ./modbus/mbfuncother.o
LOAD ./modbus/mbrtu.o
LOAD ./modbus/mbutils.o
LOAD ./modbus/portevent.o
LOAD ./modbus/portserial.o
LOAD ./modbus/porttimer.o
LOAD ./w25qxx/w25qxx.o
START GROUP
LOAD c:/apps/stm32cubeide/plugins/com.st.stm32cube.ide.mcu.externaltools.gnu-tools-for-stm32.10.3-2021.10.win32_1.0.0.202111181127/tools/bin/../lib/gcc/arm-none-eabi/10.3.1/../../../../arm-none-eabi/lib/thumb/v6-m/nofp\libc_nano.a
LOAD c:/apps/stm32cubeide/plugins/com.st.stm32cube.ide.mcu.externaltools.gnu-tools-for-stm32.10.3-2021.10.win32_1.0.0.202111181127/tools/bin/../lib/gcc/arm-none-eabi/10.3.1/../../../../arm-none-eabi/lib/thumb/v6-m/nofp\libm.a
END GROUP
START GROUP
LOAD c:/apps/stm32cubeide/plugins/com.st.stm32cube.ide.mcu.externaltools.gnu-tools-for-stm32.10.3-2021.10.win32_1.0.0.202111181127/tools/bin/../lib/gcc/arm-none-eabi/10.3.1/thumb/v6-m/nofp\libgcc.a
LOAD c:/apps/stm32cubeide/plugins/com.st.stm32cube.ide.mcu.externaltools.gnu-tools-for-stm32.10.3-2021.10.win32_1.0.0.202111181127/tools/bin/../lib/gcc/arm-none-eabi/10.3.1/../../../../arm-none-eabi/lib/thumb/v6-m/nofp\libc_nano.a
END GROUP
START GROUP
LOAD c:/apps/stm32cubeide/plugins/com.st.stm32cube.ide.mcu.externaltools.gnu-tools-for-stm32.10.3-2021.10.win32_1.0.0.202111181127/tools/bin/../lib/gcc/arm-none-eabi/10.3.1/thumb/v6-m/nofp\libgcc.a
LOAD c:/apps/stm32cubeide/plugins/com.st.stm32cube.ide.mcu.externaltools.gnu-tools-for-stm32.10.3-2021.10.win32_1.0.0.202111181127/tools/bin/../lib/gcc/arm-none-eabi/10.3.1/../../../../arm-none-eabi/lib/thumb/v6-m/nofp\libc_nano.a
LOAD c:/apps/stm32cubeide/plugins/com.st.stm32cube.ide.mcu.externaltools.gnu-tools-for-stm32.10.3-2021.10.win32_1.0.0.202111181127/tools/bin/../lib/gcc/arm-none-eabi/10.3.1/../../../../arm-none-eabi/lib/thumb/v6-m/nofp\libnosys.a
END GROUP
START GROUP
LOAD c:/apps/stm32cubeide/plugins/com.st.stm32cube.ide.mcu.externaltools.gnu-tools-for-stm32.10.3-2021.10.win32_1.0.0.202111181127/tools/bin/../lib/gcc/arm-none-eabi/10.3.1/thumb/v6-m/nofp\libgcc.a
LOAD c:/apps/stm32cubeide/plugins/com.st.stm32cube.ide.mcu.externaltools.gnu-tools-for-stm32.10.3-2021.10.win32_1.0.0.202111181127/tools/bin/../lib/gcc/arm-none-eabi/10.3.1/../../../../arm-none-eabi/lib/thumb/v6-m/nofp\libc_nano.a
LOAD c:/apps/stm32cubeide/plugins/com.st.stm32cube.ide.mcu.externaltools.gnu-tools-for-stm32.10.3-2021.10.win32_1.0.0.202111181127/tools/bin/../lib/gcc/arm-none-eabi/10.3.1/../../../../arm-none-eabi/lib/thumb/v6-m/nofp\libnosys.a
END GROUP
LOAD c:/apps/stm32cubeide/plugins/com.st.stm32cube.ide.mcu.externaltools.gnu-tools-for-stm32.10.3-2021.10.win32_1.0.0.202111181127/tools/bin/../lib/gcc/arm-none-eabi/10.3.1/thumb/v6-m/nofp/crtend.o
LOAD c:/apps/stm32cubeide/plugins/com.st.stm32cube.ide.mcu.externaltools.gnu-tools-for-stm32.10.3-2021.10.win32_1.0.0.202111181127/tools/bin/../lib/gcc/arm-none-eabi/10.3.1/thumb/v6-m/nofp/crtn.o
                0x0000000020002000                _estack = (ORIGIN (RAM) + LENGTH (RAM))
                0x0000000000000200                _Min_Heap_Size = 0x200
                0x0000000000000400                _Min_Stack_Size = 0x400

.isr_vector     0x0000000008000000       0xb8
                0x0000000008000000                . = ALIGN (0x4)
 *(.isr_vector)
 .isr_vector    0x0000000008000000       0xb8 ./Core/Startup/startup_stm32g030k8tx.o
                0x0000000008000000                g_pfnVectors
                0x00000000080000b8                . = ALIGN (0x4)

.text           0x00000000080000b8     0xda38
                0x00000000080000b8                . = ALIGN (0x4)
 *(.text)
 .text          0x00000000080000b8       0x48 c:/apps/stm32cubeide/plugins/com.st.stm32cube.ide.mcu.externaltools.gnu-tools-for-stm32.10.3-2021.10.win32_1.0.0.202111181127/tools/bin/../lib/gcc/arm-none-eabi/10.3.1/thumb/v6-m/nofp/crtbegin.o
 .text          0x0000000008000100        0xe c:/apps/stm32cubeide/plugins/com.st.stm32cube.ide.mcu.externaltools.gnu-tools-for-stm32.10.3-2021.10.win32_1.0.0.202111181127/tools/bin/../lib/gcc/arm-none-eabi/10.3.1/../../../../arm-none-eabi/lib/thumb/v6-m/nofp\libc_nano.a(lib_a-strlen.o)
                0x0000000008000100                strlen
 *fill*         0x000000000800010e        0x2 
 .text          0x0000000008000110       0x14 c:/apps/stm32cubeide/plugins/com.st.stm32cube.ide.mcu.externaltools.gnu-tools-for-stm32.10.3-2021.10.win32_1.0.0.202111181127/tools/bin/../lib/gcc/arm-none-eabi/10.3.1/thumb/v6-m/nofp\libgcc.a(_thumb1_case_uqi.o)
                0x0000000008000110                __gnu_thumb1_case_uqi
 .text          0x0000000008000124       0x14 c:/apps/stm32cubeide/plugins/com.st.stm32cube.ide.mcu.externaltools.gnu-tools-for-stm32.10.3-2021.10.win32_1.0.0.202111181127/tools/bin/../lib/gcc/arm-none-eabi/10.3.1/thumb/v6-m/nofp\libgcc.a(_thumb1_case_shi.o)
                0x0000000008000124                __gnu_thumb1_case_shi
 .text          0x0000000008000138      0x114 c:/apps/stm32cubeide/plugins/com.st.stm32cube.ide.mcu.externaltools.gnu-tools-for-stm32.10.3-2021.10.win32_1.0.0.202111181127/tools/bin/../lib/gcc/arm-none-eabi/10.3.1/thumb/v6-m/nofp\libgcc.a(_udivsi3.o)
                0x0000000008000138                __aeabi_uidiv
                0x0000000008000138                __udivsi3
                0x0000000008000244                __aeabi_uidivmod
 .text          0x000000000800024c      0x1d4 c:/apps/stm32cubeide/plugins/com.st.stm32cube.ide.mcu.externaltools.gnu-tools-for-stm32.10.3-2021.10.win32_1.0.0.202111181127/tools/bin/../lib/gcc/arm-none-eabi/10.3.1/thumb/v6-m/nofp\libgcc.a(_divsi3.o)
                0x000000000800024c                __divsi3
                0x000000000800024c                __aeabi_idiv
                0x0000000008000418                __aeabi_idivmod
 .text          0x0000000008000420        0x4 c:/apps/stm32cubeide/plugins/com.st.stm32cube.ide.mcu.externaltools.gnu-tools-for-stm32.10.3-2021.10.win32_1.0.0.202111181127/tools/bin/../lib/gcc/arm-none-eabi/10.3.1/thumb/v6-m/nofp\libgcc.a(_dvmd_tls.o)
                0x0000000008000420                __aeabi_idiv0
                0x0000000008000420                __aeabi_ldiv0
 .text          0x0000000008000424       0x7c c:/apps/stm32cubeide/plugins/com.st.stm32cube.ide.mcu.externaltools.gnu-tools-for-stm32.10.3-2021.10.win32_1.0.0.202111181127/tools/bin/../lib/gcc/arm-none-eabi/10.3.1/thumb/v6-m/nofp\libgcc.a(_arm_cmpdf2.o)
                0x0000000008000424                __aeabi_cdrcmple
                0x0000000008000434                __aeabi_cdcmple
                0x0000000008000434                __aeabi_cdcmpeq
                0x0000000008000444                __aeabi_dcmpeq
                0x0000000008000450                __aeabi_dcmplt
                0x0000000008000464                __aeabi_dcmple
                0x0000000008000478                __aeabi_dcmpgt
                0x000000000800048c                __aeabi_dcmpge
 .text          0x00000000080004a0      0x678 c:/apps/stm32cubeide/plugins/com.st.stm32cube.ide.mcu.externaltools.gnu-tools-for-stm32.10.3-2021.10.win32_1.0.0.202111181127/tools/bin/../lib/gcc/arm-none-eabi/10.3.1/thumb/v6-m/nofp\libgcc.a(adddf3.o)
                0x00000000080004a0                __aeabi_dadd
 .text          0x0000000008000b18      0x5ec c:/apps/stm32cubeide/plugins/com.st.stm32cube.ide.mcu.externaltools.gnu-tools-for-stm32.10.3-2021.10.win32_1.0.0.202111181127/tools/bin/../lib/gcc/arm-none-eabi/10.3.1/thumb/v6-m/nofp\libgcc.a(divdf3.o)
                0x0000000008000b18                __aeabi_ddiv
 .text          0x0000000008001104       0x84 c:/apps/stm32cubeide/plugins/com.st.stm32cube.ide.mcu.externaltools.gnu-tools-for-stm32.10.3-2021.10.win32_1.0.0.202111181127/tools/bin/../lib/gcc/arm-none-eabi/10.3.1/thumb/v6-m/nofp\libgcc.a(eqdf2.o)
                0x0000000008001104                __nedf2
                0x0000000008001104                __eqdf2
 .text          0x0000000008001188       0xcc c:/apps/stm32cubeide/plugins/com.st.stm32cube.ide.mcu.externaltools.gnu-tools-for-stm32.10.3-2021.10.win32_1.0.0.202111181127/tools/bin/../lib/gcc/arm-none-eabi/10.3.1/thumb/v6-m/nofp\libgcc.a(gedf2.o)
                0x0000000008001188                __gedf2
                0x0000000008001188                __gtdf2
 .text          0x0000000008001254       0xc8 c:/apps/stm32cubeide/plugins/com.st.stm32cube.ide.mcu.externaltools.gnu-tools-for-stm32.10.3-2021.10.win32_1.0.0.202111181127/tools/bin/../lib/gcc/arm-none-eabi/10.3.1/thumb/v6-m/nofp\libgcc.a(ledf2.o)
                0x0000000008001254                __ledf2
                0x0000000008001254                __ltdf2
 .text          0x000000000800131c      0x4d8 c:/apps/stm32cubeide/plugins/com.st.stm32cube.ide.mcu.externaltools.gnu-tools-for-stm32.10.3-2021.10.win32_1.0.0.202111181127/tools/bin/../lib/gcc/arm-none-eabi/10.3.1/thumb/v6-m/nofp\libgcc.a(muldf3.o)
                0x000000000800131c                __aeabi_dmul
 .text          0x00000000080017f4      0x724 c:/apps/stm32cubeide/plugins/com.st.stm32cube.ide.mcu.externaltools.gnu-tools-for-stm32.10.3-2021.10.win32_1.0.0.202111181127/tools/bin/../lib/gcc/arm-none-eabi/10.3.1/thumb/v6-m/nofp\libgcc.a(subdf3.o)
                0x00000000080017f4                __aeabi_dsub
 .text          0x0000000008001f18       0x3c c:/apps/stm32cubeide/plugins/com.st.stm32cube.ide.mcu.externaltools.gnu-tools-for-stm32.10.3-2021.10.win32_1.0.0.202111181127/tools/bin/../lib/gcc/arm-none-eabi/10.3.1/thumb/v6-m/nofp\libgcc.a(unorddf2.o)
                0x0000000008001f18                __aeabi_dcmpun
 .text          0x0000000008001f54       0x6c c:/apps/stm32cubeide/plugins/com.st.stm32cube.ide.mcu.externaltools.gnu-tools-for-stm32.10.3-2021.10.win32_1.0.0.202111181127/tools/bin/../lib/gcc/arm-none-eabi/10.3.1/thumb/v6-m/nofp\libgcc.a(fixdfsi.o)
                0x0000000008001f54                __aeabi_d2iz
 .text          0x0000000008001fc0       0x60 c:/apps/stm32cubeide/plugins/com.st.stm32cube.ide.mcu.externaltools.gnu-tools-for-stm32.10.3-2021.10.win32_1.0.0.202111181127/tools/bin/../lib/gcc/arm-none-eabi/10.3.1/thumb/v6-m/nofp\libgcc.a(floatsidf.o)
                0x0000000008001fc0                __aeabi_i2d
 .text          0x0000000008002020       0x4c c:/apps/stm32cubeide/plugins/com.st.stm32cube.ide.mcu.externaltools.gnu-tools-for-stm32.10.3-2021.10.win32_1.0.0.202111181127/tools/bin/../lib/gcc/arm-none-eabi/10.3.1/thumb/v6-m/nofp\libgcc.a(floatunsidf.o)
                0x0000000008002020                __aeabi_ui2d
 .text          0x000000000800206c       0x3c c:/apps/stm32cubeide/plugins/com.st.stm32cube.ide.mcu.externaltools.gnu-tools-for-stm32.10.3-2021.10.win32_1.0.0.202111181127/tools/bin/../lib/gcc/arm-none-eabi/10.3.1/thumb/v6-m/nofp\libgcc.a(_clzsi2.o)
                0x000000000800206c                __clzsi2
 *(.text*)
 .text.MX_ADC1_Init
                0x00000000080020a8       0xa4 ./Core/Src/adc.o
                0x00000000080020a8                MX_ADC1_Init
 .text.HAL_ADC_MspInit
                0x000000000800214c      0x100 ./Core/Src/adc.o
                0x000000000800214c                HAL_ADC_MspInit
 .text.MX_DMA_Init
                0x000000000800224c       0x3c ./Core/Src/dma.o
                0x000000000800224c                MX_DMA_Init
 .text.MX_GPIO_Init
                0x0000000008002288      0x104 ./Core/Src/gpio.o
                0x0000000008002288                MX_GPIO_Init
 .text.__io_putchar
                0x000000000800238c       0x24 ./Core/Src/main.o
                0x000000000800238c                __io_putchar
 .text.HAL_TIM_PeriodElapsedCallback
                0x00000000080023b0       0x88 ./Core/Src/main.o
                0x00000000080023b0                HAL_TIM_PeriodElapsedCallback
 .text.main     0x0000000008002438       0x98 ./Core/Src/main.o
                0x0000000008002438                main
 .text.SystemClock_Config
                0x00000000080024d0       0xb4 ./Core/Src/main.o
                0x00000000080024d0                SystemClock_Config
 .text.fetchHoldingRegsData
                0x0000000008002584       0xd4 ./Core/Src/main.o
                0x0000000008002584                fetchHoldingRegsData
 .text.validateWriteHoldingRegs
                0x0000000008002658       0x64 ./Core/Src/main.o
                0x0000000008002658                validateWriteHoldingRegs
 .text.writeHoldingRegs
                0x00000000080026bc       0xc4 ./Core/Src/main.o
                0x00000000080026bc                writeHoldingRegs
 .text.eMBRegHoldingCB
                0x0000000008002780      0x190 ./Core/Src/main.o
                0x0000000008002780                eMBRegHoldingCB
 .text.eMBRegInputCB
                0x0000000008002910       0x22 ./Core/Src/main.o
                0x0000000008002910                eMBRegInputCB
 .text.eMBRegCoilsCB
                0x0000000008002932       0x2e ./Core/Src/main.o
                0x0000000008002932                eMBRegCoilsCB
 .text.eMBRegDiscreteCB
                0x0000000008002960       0x22 ./Core/Src/main.o
                0x0000000008002960                eMBRegDiscreteCB
 .text.Error_Handler
                0x0000000008002982       0x12 ./Core/Src/main.o
                0x0000000008002982                Error_Handler
 .text.MX_SPI1_Init
                0x0000000008002994       0x7c ./Core/Src/spi.o
                0x0000000008002994                MX_SPI1_Init
 .text.HAL_SPI_MspInit
                0x0000000008002a10       0x94 ./Core/Src/spi.o
                0x0000000008002a10                HAL_SPI_MspInit
 .text.HAL_MspInit
                0x0000000008002aa4       0x48 ./Core/Src/stm32g0xx_hal_msp.o
                0x0000000008002aa4                HAL_MspInit
 .text.NMI_Handler
                0x0000000008002aec        0x6 ./Core/Src/stm32g0xx_it.o
                0x0000000008002aec                NMI_Handler
 .text.HardFault_Handler
                0x0000000008002af2        0x6 ./Core/Src/stm32g0xx_it.o
                0x0000000008002af2                HardFault_Handler
 .text.SVC_Handler
                0x0000000008002af8        0xa ./Core/Src/stm32g0xx_it.o
                0x0000000008002af8                SVC_Handler
 .text.PendSV_Handler
                0x0000000008002b02        0xa ./Core/Src/stm32g0xx_it.o
                0x0000000008002b02                PendSV_Handler
 .text.SysTick_Handler
                0x0000000008002b0c        0xe ./Core/Src/stm32g0xx_it.o
                0x0000000008002b0c                SysTick_Handler
 *fill*         0x0000000008002b1a        0x2 
 .text.DMA1_Channel1_IRQHandler
                0x0000000008002b1c       0x18 ./Core/Src/stm32g0xx_it.o
                0x0000000008002b1c                DMA1_Channel1_IRQHandler
 .text.ADC1_IRQHandler
                0x0000000008002b34       0x18 ./Core/Src/stm32g0xx_it.o
                0x0000000008002b34                ADC1_IRQHandler
 .text.TIM3_IRQHandler
                0x0000000008002b4c       0x18 ./Core/Src/stm32g0xx_it.o
                0x0000000008002b4c                TIM3_IRQHandler
 .text.TIM14_IRQHandler
                0x0000000008002b64       0x60 ./Core/Src/stm32g0xx_it.o
                0x0000000008002b64                TIM14_IRQHandler
 .text.TIM17_IRQHandler
                0x0000000008002bc4       0x18 ./Core/Src/stm32g0xx_it.o
                0x0000000008002bc4                TIM17_IRQHandler
 .text.USART2_IRQHandler
                0x0000000008002bdc       0x84 ./Core/Src/stm32g0xx_it.o
                0x0000000008002bdc                USART2_IRQHandler
 .text._getpid  0x0000000008002c60        0xc ./Core/Src/syscalls.o
                0x0000000008002c60                _getpid
 .text._kill    0x0000000008002c6c       0x20 ./Core/Src/syscalls.o
                0x0000000008002c6c                _kill
 .text._exit    0x0000000008002c8c       0x18 ./Core/Src/syscalls.o
                0x0000000008002c8c                _exit
 .text._read    0x0000000008002ca4       0x3a ./Core/Src/syscalls.o
                0x0000000008002ca4                _read
 .text._write   0x0000000008002cde       0x38 ./Core/Src/syscalls.o
                0x0000000008002cde                _write
 .text._close   0x0000000008002d16       0x14 ./Core/Src/syscalls.o
                0x0000000008002d16                _close
 .text._fstat   0x0000000008002d2a       0x1c ./Core/Src/syscalls.o
                0x0000000008002d2a                _fstat
 .text._isatty  0x0000000008002d46       0x12 ./Core/Src/syscalls.o
                0x0000000008002d46                _isatty
 .text._lseek   0x0000000008002d58       0x16 ./Core/Src/syscalls.o
                0x0000000008002d58                _lseek
 *fill*         0x0000000008002d6e        0x2 
 .text._sbrk    0x0000000008002d70       0x6c ./Core/Src/sysmem.o
                0x0000000008002d70                _sbrk
 .text.SystemInit
                0x0000000008002ddc        0xa ./Core/Src/system_stm32g0xx.o
                0x0000000008002ddc                SystemInit
 *fill*         0x0000000008002de6        0x2 
 .text.MX_TIM3_Init
                0x0000000008002de8      0x124 ./Core/Src/tim.o
                0x0000000008002de8                MX_TIM3_Init
 .text.MX_TIM14_Init
                0x0000000008002f0c       0x4c ./Core/Src/tim.o
                0x0000000008002f0c                MX_TIM14_Init
 .text.MX_TIM16_Init
                0x0000000008002f58      0x104 ./Core/Src/tim.o
                0x0000000008002f58                MX_TIM16_Init
 .text.MX_TIM17_Init
                0x000000000800305c       0x54 ./Core/Src/tim.o
                0x000000000800305c                MX_TIM17_Init
 .text.HAL_TIM_Base_MspInit
                0x00000000080030b0      0x14c ./Core/Src/tim.o
                0x00000000080030b0                HAL_TIM_Base_MspInit
 .text.HAL_TIM_MspPostInit
                0x00000000080031fc       0x7c ./Core/Src/tim.o
                0x00000000080031fc                HAL_TIM_MspPostInit
 .text.MX_USART2_UART_Init
                0x0000000008003278       0x6c ./Core/Src/usart.o
                0x0000000008003278                MX_USART2_UART_Init
 .text.HAL_UART_MspInit
                0x00000000080032e4       0xa4 ./Core/Src/usart.o
                0x00000000080032e4                HAL_UART_MspInit
 .text.Reset_Handler
                0x0000000008003388       0x50 ./Core/Startup/startup_stm32g030k8tx.o
                0x0000000008003388                Reset_Handler
 .text.Default_Handler
                0x00000000080033d8        0x2 ./Core/Startup/startup_stm32g030k8tx.o
                0x00000000080033d8                TIM1_CC_IRQHandler
                0x00000000080033d8                I2C1_IRQHandler
                0x00000000080033d8                RTC_TAMP_IRQHandler
                0x00000000080033d8                SPI1_IRQHandler
                0x00000000080033d8                DMA1_Ch4_5_DMAMUX1_OVR_IRQHandler
                0x00000000080033d8                EXTI2_3_IRQHandler
                0x00000000080033d8                I2C2_IRQHandler
                0x00000000080033d8                TIM16_IRQHandler
                0x00000000080033d8                EXTI4_15_IRQHandler
                0x00000000080033d8                RCC_IRQHandler
                0x00000000080033d8                Default_Handler
                0x00000000080033d8                EXTI0_1_IRQHandler
                0x00000000080033d8                SPI2_IRQHandler
                0x00000000080033d8                WWDG_IRQHandler
                0x00000000080033d8                DMA1_Channel2_3_IRQHandler
                0x00000000080033d8                FLASH_IRQHandler
                0x00000000080033d8                USART1_IRQHandler
                0x00000000080033d8                TIM1_BRK_UP_TRG_COM_IRQHandler
 .text.map      0x00000000080033da       0x3e ./DCMotor/DCMotor.o
                0x00000000080033da                map
 .text.Timer_GetMaxPeriod
                0x0000000008003418       0x14 ./DCMotor/DCMotor.o
                0x0000000008003418                Timer_GetMaxPeriod
 .text.DCMotor_Init
                0x000000000800342c       0x80 ./DCMotor/DCMotor.o
                0x000000000800342c                DCMotor_Init
 .text.DCMotor_SetElapsedTime
                0x00000000080034ac       0x1c ./DCMotor/DCMotor.o
                0x00000000080034ac                DCMotor_SetElapsedTime
 .text.DCMotor_GetAcceleration
                0x00000000080034c8       0x20 ./DCMotor/DCMotor.o
                0x00000000080034c8                DCMotor_GetAcceleration
 .text.DCMotor_SetSpeed
                0x00000000080034e8       0x3c ./DCMotor/DCMotor.o
                0x00000000080034e8                DCMotor_SetSpeed
 .text.DCMotor_SetDirection
                0x0000000008003524       0x20 ./DCMotor/DCMotor.o
                0x0000000008003524                DCMotor_SetDirection
 .text.DCMotor_Start
                0x0000000008003544       0x20 ./DCMotor/DCMotor.o
                0x0000000008003544                DCMotor_Start
 .text.DCMotor_GetDirection
                0x0000000008003564       0x24 ./DCMotor/DCMotor.o
                0x0000000008003564                DCMotor_GetDirection
 .text.__run_faster
                0x0000000008003588       0xa4 ./DCMotor/DCMotor.o
                0x0000000008003588                __run_faster
 .text.__run_slower
                0x000000000800362c       0xa4 ./DCMotor/DCMotor.o
                0x000000000800362c                __run_slower
 .text.DCMotor_Run
                0x00000000080036d0       0x70 ./DCMotor/DCMotor.o
                0x00000000080036d0                DCMotor_Run
 .text.DCMotor_Update
                0x0000000008003740       0x38 ./DCMotor/DCMotor.o
                0x0000000008003740                DCMotor_Update
 .text.DCMotor_Stop
                0x0000000008003778       0x2c ./DCMotor/DCMotor.o
                0x0000000008003778                DCMotor_Stop
 .text.DCMotor_Reset
                0x00000000080037a4       0x30 ./DCMotor/DCMotor.o
                0x00000000080037a4                DCMotor_Reset
 .text.DCMotor_GetSensor
                0x00000000080037d4       0x84 ./DCMotor/DCMotor.o
                0x00000000080037d4                DCMotor_GetSensor
 .text.DCMotor_GetCurrentValue
                0x0000000008003858       0x84 ./DCMotor/DCMotor.o
                0x0000000008003858                DCMotor_GetCurrentValue
 .text.DCMotor_GetVoltageValue
                0x00000000080038dc       0x70 ./DCMotor/DCMotor.o
                0x00000000080038dc                DCMotor_GetVoltageValue
 .text.DCMotor_GetResistanceValue
                0x000000000800394c       0x2e ./DCMotor/DCMotor.o
                0x000000000800394c                DCMotor_GetResistanceValue
 *fill*         0x000000000800397a        0x2 
 .text.DCMotor_GetCurrentSpeed
                0x000000000800397c       0x14 ./DCMotor/DCMotor.o
                0x000000000800397c                DCMotor_GetCurrentSpeed
 .text.HAL_Init
                0x0000000008003990       0x40 ./Drivers/STM32G0xx_HAL_Driver/Src/stm32g0xx_hal.o
                0x0000000008003990                HAL_Init
 .text.HAL_InitTick
                0x00000000080039d0       0x94 ./Drivers/STM32G0xx_HAL_Driver/Src/stm32g0xx_hal.o
                0x00000000080039d0                HAL_InitTick
 .text.HAL_IncTick
                0x0000000008003a64       0x24 ./Drivers/STM32G0xx_HAL_Driver/Src/stm32g0xx_hal.o
                0x0000000008003a64                HAL_IncTick
 .text.HAL_GetTick
                0x0000000008003a88       0x14 ./Drivers/STM32G0xx_HAL_Driver/Src/stm32g0xx_hal.o
                0x0000000008003a88                HAL_GetTick
 .text.HAL_Delay
                0x0000000008003a9c       0x48 ./Drivers/STM32G0xx_HAL_Driver/Src/stm32g0xx_hal.o
                0x0000000008003a9c                HAL_Delay
 .text.LL_ADC_SetCommonPathInternalCh
                0x0000000008003ae4       0x28 ./Drivers/STM32G0xx_HAL_Driver/Src/stm32g0xx_hal_adc.o
 .text.LL_ADC_GetCommonPathInternalCh
                0x0000000008003b0c       0x1a ./Drivers/STM32G0xx_HAL_Driver/Src/stm32g0xx_hal_adc.o
 .text.LL_ADC_SetSamplingTimeCommonChannels
                0x0000000008003b26       0x3a ./Drivers/STM32G0xx_HAL_Driver/Src/stm32g0xx_hal_adc.o
 .text.LL_ADC_GetSamplingTimeCommonChannels
                0x0000000008003b60       0x2e ./Drivers/STM32G0xx_HAL_Driver/Src/stm32g0xx_hal_adc.o
 .text.LL_ADC_REG_IsTriggerSourceSWStart
                0x0000000008003b8e       0x22 ./Drivers/STM32G0xx_HAL_Driver/Src/stm32g0xx_hal_adc.o
 .text.LL_ADC_REG_SetSequencerRanks
                0x0000000008003bb0       0x40 ./Drivers/STM32G0xx_HAL_Driver/Src/stm32g0xx_hal_adc.o
 .text.LL_ADC_REG_SetSequencerChAdd
                0x0000000008003bf0       0x22 ./Drivers/STM32G0xx_HAL_Driver/Src/stm32g0xx_hal_adc.o
 .text.LL_ADC_REG_SetSequencerChRem
                0x0000000008003c12       0x24 ./Drivers/STM32G0xx_HAL_Driver/Src/stm32g0xx_hal_adc.o
 .text.LL_ADC_REG_GetDMATransfer
                0x0000000008003c36       0x18 ./Drivers/STM32G0xx_HAL_Driver/Src/stm32g0xx_hal_adc.o
 *fill*         0x0000000008003c4e        0x2 
 .text.LL_ADC_SetChannelSamplingTime
                0x0000000008003c50       0x38 ./Drivers/STM32G0xx_HAL_Driver/Src/stm32g0xx_hal_adc.o
 .text.LL_ADC_EnableInternalRegulator
                0x0000000008003c88       0x28 ./Drivers/STM32G0xx_HAL_Driver/Src/stm32g0xx_hal_adc.o
 .text.LL_ADC_IsInternalRegulatorEnabled
                0x0000000008003cb0       0x28 ./Drivers/STM32G0xx_HAL_Driver/Src/stm32g0xx_hal_adc.o
 .text.LL_ADC_Enable
                0x0000000008003cd8       0x24 ./Drivers/STM32G0xx_HAL_Driver/Src/stm32g0xx_hal_adc.o
 .text.LL_ADC_Disable
                0x0000000008003cfc       0x24 ./Drivers/STM32G0xx_HAL_Driver/Src/stm32g0xx_hal_adc.o
 .text.LL_ADC_IsEnabled
                0x0000000008003d20       0x22 ./Drivers/STM32G0xx_HAL_Driver/Src/stm32g0xx_hal_adc.o
 .text.LL_ADC_IsDisableOngoing
                0x0000000008003d42       0x22 ./Drivers/STM32G0xx_HAL_Driver/Src/stm32g0xx_hal_adc.o
 .text.LL_ADC_REG_StartConversion
                0x0000000008003d64       0x24 ./Drivers/STM32G0xx_HAL_Driver/Src/stm32g0xx_hal_adc.o
 .text.LL_ADC_REG_StopConversion
                0x0000000008003d88       0x24 ./Drivers/STM32G0xx_HAL_Driver/Src/stm32g0xx_hal_adc.o
 .text.LL_ADC_REG_IsConversionOngoing
                0x0000000008003dac       0x22 ./Drivers/STM32G0xx_HAL_Driver/Src/stm32g0xx_hal_adc.o
 *fill*         0x0000000008003dce        0x2 
 .text.HAL_ADC_Init
                0x0000000008003dd0      0x350 ./Drivers/STM32G0xx_HAL_Driver/Src/stm32g0xx_hal_adc.o
                0x0000000008003dd0                HAL_ADC_Init
 .text.HAL_ADC_Start
                0x0000000008004120       0x9c ./Drivers/STM32G0xx_HAL_Driver/Src/stm32g0xx_hal_adc.o
                0x0000000008004120                HAL_ADC_Start
 .text.HAL_ADC_Stop
                0x00000000080041bc       0x78 ./Drivers/STM32G0xx_HAL_Driver/Src/stm32g0xx_hal_adc.o
                0x00000000080041bc                HAL_ADC_Stop
 .text.HAL_ADC_PollForConversion
                0x0000000008004234      0x128 ./Drivers/STM32G0xx_HAL_Driver/Src/stm32g0xx_hal_adc.o
                0x0000000008004234                HAL_ADC_PollForConversion
 .text.HAL_ADC_GetValue
                0x000000000800435c       0x16 ./Drivers/STM32G0xx_HAL_Driver/Src/stm32g0xx_hal_adc.o
                0x000000000800435c                HAL_ADC_GetValue
 *fill*         0x0000000008004372        0x2 
 .text.HAL_ADC_IRQHandler
                0x0000000008004374      0x230 ./Drivers/STM32G0xx_HAL_Driver/Src/stm32g0xx_hal_adc.o
                0x0000000008004374                HAL_ADC_IRQHandler
 .text.HAL_ADC_ConvCpltCallback
                0x00000000080045a4       0x10 ./Drivers/STM32G0xx_HAL_Driver/Src/stm32g0xx_hal_adc.o
                0x00000000080045a4                HAL_ADC_ConvCpltCallback
 .text.HAL_ADC_LevelOutOfWindowCallback
                0x00000000080045b4       0x10 ./Drivers/STM32G0xx_HAL_Driver/Src/stm32g0xx_hal_adc.o
                0x00000000080045b4                HAL_ADC_LevelOutOfWindowCallback
 .text.HAL_ADC_ErrorCallback
                0x00000000080045c4       0x10 ./Drivers/STM32G0xx_HAL_Driver/Src/stm32g0xx_hal_adc.o
                0x00000000080045c4                HAL_ADC_ErrorCallback
 .text.HAL_ADC_ConfigChannel
                0x00000000080045d4      0x3b0 ./Drivers/STM32G0xx_HAL_Driver/Src/stm32g0xx_hal_adc.o
                0x00000000080045d4                HAL_ADC_ConfigChannel
 .text.ADC_ConversionStop
                0x0000000008004984       0x84 ./Drivers/STM32G0xx_HAL_Driver/Src/stm32g0xx_hal_adc.o
                0x0000000008004984                ADC_ConversionStop
 .text.ADC_Enable
                0x0000000008004a08      0x10c ./Drivers/STM32G0xx_HAL_Driver/Src/stm32g0xx_hal_adc.o
                0x0000000008004a08                ADC_Enable
 .text.ADC_Disable
                0x0000000008004b14       0xbc ./Drivers/STM32G0xx_HAL_Driver/Src/stm32g0xx_hal_adc.o
                0x0000000008004b14                ADC_Disable
 .text.LL_ADC_SetCalibrationFactor
                0x0000000008004bd0       0x28 ./Drivers/STM32G0xx_HAL_Driver/Src/stm32g0xx_hal_adc_ex.o
 .text.LL_ADC_GetCalibrationFactor
                0x0000000008004bf8       0x1a ./Drivers/STM32G0xx_HAL_Driver/Src/stm32g0xx_hal_adc_ex.o
 *fill*         0x0000000008004c12        0x2 
 .text.LL_ADC_Enable
                0x0000000008004c14       0x24 ./Drivers/STM32G0xx_HAL_Driver/Src/stm32g0xx_hal_adc_ex.o
 .text.LL_ADC_Disable
                0x0000000008004c38       0x24 ./Drivers/STM32G0xx_HAL_Driver/Src/stm32g0xx_hal_adc_ex.o
 .text.LL_ADC_IsEnabled
                0x0000000008004c5c       0x22 ./Drivers/STM32G0xx_HAL_Driver/Src/stm32g0xx_hal_adc_ex.o
 *fill*         0x0000000008004c7e        0x2 
 .text.LL_ADC_StartCalibration
                0x0000000008004c80       0x28 ./Drivers/STM32G0xx_HAL_Driver/Src/stm32g0xx_hal_adc_ex.o
 .text.LL_ADC_IsCalibrationOnGoing
                0x0000000008004ca8       0x26 ./Drivers/STM32G0xx_HAL_Driver/Src/stm32g0xx_hal_adc_ex.o
 *fill*         0x0000000008004cce        0x2 
 .text.HAL_ADCEx_Calibration_Start
                0x0000000008004cd0      0x1ac ./Drivers/STM32G0xx_HAL_Driver/Src/stm32g0xx_hal_adc_ex.o
                0x0000000008004cd0                HAL_ADCEx_Calibration_Start
 .text.HAL_ADCEx_LevelOutOfWindow2Callback
                0x0000000008004e7c       0x10 ./Drivers/STM32G0xx_HAL_Driver/Src/stm32g0xx_hal_adc_ex.o
                0x0000000008004e7c                HAL_ADCEx_LevelOutOfWindow2Callback
 .text.HAL_ADCEx_LevelOutOfWindow3Callback
                0x0000000008004e8c       0x10 ./Drivers/STM32G0xx_HAL_Driver/Src/stm32g0xx_hal_adc_ex.o
                0x0000000008004e8c                HAL_ADCEx_LevelOutOfWindow3Callback
 .text.HAL_ADCEx_EndOfSamplingCallback
                0x0000000008004e9c       0x10 ./Drivers/STM32G0xx_HAL_Driver/Src/stm32g0xx_hal_adc_ex.o
                0x0000000008004e9c                HAL_ADCEx_EndOfSamplingCallback
 .text.HAL_ADCEx_ChannelConfigReadyCallback
                0x0000000008004eac       0x10 ./Drivers/STM32G0xx_HAL_Driver/Src/stm32g0xx_hal_adc_ex.o
                0x0000000008004eac                HAL_ADCEx_ChannelConfigReadyCallback
 .text.__NVIC_EnableIRQ
                0x0000000008004ebc       0x34 ./Drivers/STM32G0xx_HAL_Driver/Src/stm32g0xx_hal_cortex.o
 .text.__NVIC_SetPriority
                0x0000000008004ef0       0xdc ./Drivers/STM32G0xx_HAL_Driver/Src/stm32g0xx_hal_cortex.o
 .text.__NVIC_SystemReset
                0x0000000008004fcc       0x24 ./Drivers/STM32G0xx_HAL_Driver/Src/stm32g0xx_hal_cortex.o
 .text.SysTick_Config
                0x0000000008004ff0       0x48 ./Drivers/STM32G0xx_HAL_Driver/Src/stm32g0xx_hal_cortex.o
 .text.HAL_NVIC_SetPriority
                0x0000000008005038       0x2a ./Drivers/STM32G0xx_HAL_Driver/Src/stm32g0xx_hal_cortex.o
                0x0000000008005038                HAL_NVIC_SetPriority
 .text.HAL_NVIC_EnableIRQ
                0x0000000008005062       0x20 ./Drivers/STM32G0xx_HAL_Driver/Src/stm32g0xx_hal_cortex.o
                0x0000000008005062                HAL_NVIC_EnableIRQ
 .text.HAL_NVIC_SystemReset
                0x0000000008005082        0x8 ./Drivers/STM32G0xx_HAL_Driver/Src/stm32g0xx_hal_cortex.o
                0x0000000008005082                HAL_NVIC_SystemReset
 .text.HAL_SYSTICK_Config
                0x000000000800508a       0x1a ./Drivers/STM32G0xx_HAL_Driver/Src/stm32g0xx_hal_cortex.o
                0x000000000800508a                HAL_SYSTICK_Config
 .text.HAL_DMA_Init
                0x00000000080050a4      0x114 ./Drivers/STM32G0xx_HAL_Driver/Src/stm32g0xx_hal_dma.o
                0x00000000080050a4                HAL_DMA_Init
 .text.HAL_DMA_Abort
                0x00000000080051b8       0xc4 ./Drivers/STM32G0xx_HAL_Driver/Src/stm32g0xx_hal_dma.o
                0x00000000080051b8                HAL_DMA_Abort
 .text.HAL_DMA_Abort_IT
                0x000000000800527c       0xd4 ./Drivers/STM32G0xx_HAL_Driver/Src/stm32g0xx_hal_dma.o
                0x000000000800527c                HAL_DMA_Abort_IT
 .text.HAL_DMA_IRQHandler
                0x0000000008005350      0x164 ./Drivers/STM32G0xx_HAL_Driver/Src/stm32g0xx_hal_dma.o
                0x0000000008005350                HAL_DMA_IRQHandler
 .text.DMA_CalcDMAMUXChannelBaseAndMask
                0x00000000080054b4       0x58 ./Drivers/STM32G0xx_HAL_Driver/Src/stm32g0xx_hal_dma.o
 .text.DMA_CalcDMAMUXRequestGenBaseAndMask
                0x000000000800550c       0x48 ./Drivers/STM32G0xx_HAL_Driver/Src/stm32g0xx_hal_dma.o
 .text.HAL_GPIO_Init
                0x0000000008005554      0x2c8 ./Drivers/STM32G0xx_HAL_Driver/Src/stm32g0xx_hal_gpio.o
                0x0000000008005554                HAL_GPIO_Init
 .text.HAL_GPIO_WritePin
                0x000000000800581c       0x3a ./Drivers/STM32G0xx_HAL_Driver/Src/stm32g0xx_hal_gpio.o
                0x000000000800581c                HAL_GPIO_WritePin
 *fill*         0x0000000008005856        0x2 
 .text.HAL_PWREx_ControlVoltageScaling
                0x0000000008005858       0x80 ./Drivers/STM32G0xx_HAL_Driver/Src/stm32g0xx_hal_pwr_ex.o
                0x0000000008005858                HAL_PWREx_ControlVoltageScaling
 .text.LL_RCC_GetAPB1Prescaler
                0x00000000080058d8       0x18 ./Drivers/STM32G0xx_HAL_Driver/Src/stm32g0xx_hal_rcc.o
 .text.HAL_RCC_OscConfig
                0x00000000080058f0      0x620 ./Drivers/STM32G0xx_HAL_Driver/Src/stm32g0xx_hal_rcc.o
                0x00000000080058f0                HAL_RCC_OscConfig
 .text.HAL_RCC_ClockConfig
                0x0000000008005f10      0x210 ./Drivers/STM32G0xx_HAL_Driver/Src/stm32g0xx_hal_rcc.o
                0x0000000008005f10                HAL_RCC_ClockConfig
 .text.HAL_RCC_GetSysClockFreq
                0x0000000008006120      0x104 ./Drivers/STM32G0xx_HAL_Driver/Src/stm32g0xx_hal_rcc.o
                0x0000000008006120                HAL_RCC_GetSysClockFreq
 .text.HAL_RCC_GetHCLKFreq
                0x0000000008006224       0x14 ./Drivers/STM32G0xx_HAL_Driver/Src/stm32g0xx_hal_rcc.o
                0x0000000008006224                HAL_RCC_GetHCLKFreq
 .text.HAL_RCC_GetPCLK1Freq
                0x0000000008006238       0x2c ./Drivers/STM32G0xx_HAL_Driver/Src/stm32g0xx_hal_rcc.o
                0x0000000008006238                HAL_RCC_GetPCLK1Freq
 .text.HAL_RCCEx_PeriphCLKConfig
                0x0000000008006264      0x24c ./Drivers/STM32G0xx_HAL_Driver/Src/stm32g0xx_hal_rcc_ex.o
                0x0000000008006264                HAL_RCCEx_PeriphCLKConfig
 .text.HAL_SPI_Init
                0x00000000080064b0      0x170 ./Drivers/STM32G0xx_HAL_Driver/Src/stm32g0xx_hal_spi.o
                0x00000000080064b0                HAL_SPI_Init
 .text.HAL_SPI_TransmitReceive
                0x0000000008006620      0x3a4 ./Drivers/STM32G0xx_HAL_Driver/Src/stm32g0xx_hal_spi.o
                0x0000000008006620                HAL_SPI_TransmitReceive
 .text.SPI_WaitFlagStateUntilTimeout
                0x00000000080069c4      0x11c ./Drivers/STM32G0xx_HAL_Driver/Src/stm32g0xx_hal_spi.o
 .text.SPI_WaitFifoStateUntilTimeout
                0x0000000008006ae0      0x144 ./Drivers/STM32G0xx_HAL_Driver/Src/stm32g0xx_hal_spi.o
 .text.SPI_EndRxTxTransaction
                0x0000000008006c24       0x8c ./Drivers/STM32G0xx_HAL_Driver/Src/stm32g0xx_hal_spi.o
 .text.HAL_TIM_Base_Init
                0x0000000008006cb0       0xb0 ./Drivers/STM32G0xx_HAL_Driver/Src/stm32g0xx_hal_tim.o
                0x0000000008006cb0                HAL_TIM_Base_Init
 .text.HAL_TIM_Base_Start_IT
                0x0000000008006d60       0x9c ./Drivers/STM32G0xx_HAL_Driver/Src/stm32g0xx_hal_tim.o
                0x0000000008006d60                HAL_TIM_Base_Start_IT
 .text.HAL_TIM_Base_Stop_IT
                0x0000000008006dfc       0x5c ./Drivers/STM32G0xx_HAL_Driver/Src/stm32g0xx_hal_tim.o
                0x0000000008006dfc                HAL_TIM_Base_Stop_IT
 .text.HAL_TIM_OC_Init
                0x0000000008006e58       0xb0 ./Drivers/STM32G0xx_HAL_Driver/Src/stm32g0xx_hal_tim.o
                0x0000000008006e58                HAL_TIM_OC_Init
 .text.HAL_TIM_OC_MspInit
                0x0000000008006f08       0x10 ./Drivers/STM32G0xx_HAL_Driver/Src/stm32g0xx_hal_tim.o
                0x0000000008006f08                HAL_TIM_OC_MspInit
 .text.HAL_TIM_PWM_Init
                0x0000000008006f18       0xb0 ./Drivers/STM32G0xx_HAL_Driver/Src/stm32g0xx_hal_tim.o
                0x0000000008006f18                HAL_TIM_PWM_Init
 .text.HAL_TIM_PWM_MspInit
                0x0000000008006fc8       0x10 ./Drivers/STM32G0xx_HAL_Driver/Src/stm32g0xx_hal_tim.o
                0x0000000008006fc8                HAL_TIM_PWM_MspInit
 .text.HAL_TIM_PWM_Start
                0x0000000008006fd8      0x1b0 ./Drivers/STM32G0xx_HAL_Driver/Src/stm32g0xx_hal_tim.o
                0x0000000008006fd8                HAL_TIM_PWM_Start
 .text.HAL_TIM_IRQHandler
                0x0000000008007188      0x264 ./Drivers/STM32G0xx_HAL_Driver/Src/stm32g0xx_hal_tim.o
                0x0000000008007188                HAL_TIM_IRQHandler
 .text.HAL_TIM_OC_ConfigChannel
                0x00000000080073ec       0xc0 ./Drivers/STM32G0xx_HAL_Driver/Src/stm32g0xx_hal_tim.o
                0x00000000080073ec                HAL_TIM_OC_ConfigChannel
 .text.HAL_TIM_PWM_ConfigChannel
                0x00000000080074ac      0x200 ./Drivers/STM32G0xx_HAL_Driver/Src/stm32g0xx_hal_tim.o
                0x00000000080074ac                HAL_TIM_PWM_ConfigChannel
 .text.HAL_TIM_ConfigClockSource
                0x00000000080076ac      0x1ac ./Drivers/STM32G0xx_HAL_Driver/Src/stm32g0xx_hal_tim.o
                0x00000000080076ac                HAL_TIM_ConfigClockSource
 .text.HAL_TIM_OC_DelayElapsedCallback
                0x0000000008007858       0x10 ./Drivers/STM32G0xx_HAL_Driver/Src/stm32g0xx_hal_tim.o
                0x0000000008007858                HAL_TIM_OC_DelayElapsedCallback
 .text.HAL_TIM_IC_CaptureCallback
                0x0000000008007868       0x10 ./Drivers/STM32G0xx_HAL_Driver/Src/stm32g0xx_hal_tim.o
                0x0000000008007868                HAL_TIM_IC_CaptureCallback
 .text.HAL_TIM_PWM_PulseFinishedCallback
                0x0000000008007878       0x10 ./Drivers/STM32G0xx_HAL_Driver/Src/stm32g0xx_hal_tim.o
                0x0000000008007878                HAL_TIM_PWM_PulseFinishedCallback
 .text.HAL_TIM_TriggerCallback
                0x0000000008007888       0x10 ./Drivers/STM32G0xx_HAL_Driver/Src/stm32g0xx_hal_tim.o
                0x0000000008007888                HAL_TIM_TriggerCallback
 .text.TIM_Base_SetConfig
                0x0000000008007898       0xd8 ./Drivers/STM32G0xx_HAL_Driver/Src/stm32g0xx_hal_tim.o
                0x0000000008007898                TIM_Base_SetConfig
 .text.TIM_OC1_SetConfig
                0x0000000008007970      0x100 ./Drivers/STM32G0xx_HAL_Driver/Src/stm32g0xx_hal_tim.o
 .text.TIM_OC2_SetConfig
                0x0000000008007a70       0xfc ./Drivers/STM32G0xx_HAL_Driver/Src/stm32g0xx_hal_tim.o
                0x0000000008007a70                TIM_OC2_SetConfig
 .text.TIM_OC3_SetConfig
                0x0000000008007b6c      0x104 ./Drivers/STM32G0xx_HAL_Driver/Src/stm32g0xx_hal_tim.o
 .text.TIM_OC4_SetConfig
                0x0000000008007c70       0xc8 ./Drivers/STM32G0xx_HAL_Driver/Src/stm32g0xx_hal_tim.o
 .text.TIM_OC5_SetConfig
                0x0000000008007d38       0xb4 ./Drivers/STM32G0xx_HAL_Driver/Src/stm32g0xx_hal_tim.o
 .text.TIM_OC6_SetConfig
                0x0000000008007dec       0xbc ./Drivers/STM32G0xx_HAL_Driver/Src/stm32g0xx_hal_tim.o
 .text.TIM_TI1_ConfigInputStage
                0x0000000008007ea8       0x5c ./Drivers/STM32G0xx_HAL_Driver/Src/stm32g0xx_hal_tim.o
 .text.TIM_TI2_ConfigInputStage
                0x0000000008007f04       0x64 ./Drivers/STM32G0xx_HAL_Driver/Src/stm32g0xx_hal_tim.o
 .text.TIM_ITRx_SetConfig
                0x0000000008007f68       0x38 ./Drivers/STM32G0xx_HAL_Driver/Src/stm32g0xx_hal_tim.o
 .text.TIM_ETR_SetConfig
                0x0000000008007fa0       0x40 ./Drivers/STM32G0xx_HAL_Driver/Src/stm32g0xx_hal_tim.o
                0x0000000008007fa0                TIM_ETR_SetConfig
 .text.TIM_CCxChannelCmd
                0x0000000008007fe0       0x46 ./Drivers/STM32G0xx_HAL_Driver/Src/stm32g0xx_hal_tim.o
                0x0000000008007fe0                TIM_CCxChannelCmd
 *fill*         0x0000000008008026        0x2 
 .text.HAL_TIMEx_MasterConfigSynchronization
                0x0000000008008028       0xc4 ./Drivers/STM32G0xx_HAL_Driver/Src/stm32g0xx_hal_tim_ex.o
                0x0000000008008028                HAL_TIMEx_MasterConfigSynchronization
 .text.HAL_TIMEx_ConfigBreakDeadTime
                0x00000000080080ec      0x14c ./Drivers/STM32G0xx_HAL_Driver/Src/stm32g0xx_hal_tim_ex.o
                0x00000000080080ec                HAL_TIMEx_ConfigBreakDeadTime
 .text.HAL_TIMEx_CommutCallback
                0x0000000008008238       0x10 ./Drivers/STM32G0xx_HAL_Driver/Src/stm32g0xx_hal_tim_ex.o
                0x0000000008008238                HAL_TIMEx_CommutCallback
 .text.HAL_TIMEx_BreakCallback
                0x0000000008008248       0x10 ./Drivers/STM32G0xx_HAL_Driver/Src/stm32g0xx_hal_tim_ex.o
                0x0000000008008248                HAL_TIMEx_BreakCallback
 .text.HAL_TIMEx_Break2Callback
                0x0000000008008258       0x10 ./Drivers/STM32G0xx_HAL_Driver/Src/stm32g0xx_hal_tim_ex.o
                0x0000000008008258                HAL_TIMEx_Break2Callback
 .text.HAL_UART_Transmit
                0x0000000008008268      0x156 ./Drivers/STM32G0xx_HAL_Driver/Src/stm32g0xx_hal_uart.o
                0x0000000008008268                HAL_UART_Transmit
 *fill*         0x00000000080083be        0x2 
 .text.HAL_UART_IRQHandler
                0x00000000080083c0      0x634 ./Drivers/STM32G0xx_HAL_Driver/Src/stm32g0xx_hal_uart.o
                0x00000000080083c0                HAL_UART_IRQHandler
 .text.HAL_UART_TxCpltCallback
                0x00000000080089f4       0x10 ./Drivers/STM32G0xx_HAL_Driver/Src/stm32g0xx_hal_uart.o
                0x00000000080089f4                HAL_UART_TxCpltCallback
 .text.HAL_UART_ErrorCallback
                0x0000000008008a04       0x10 ./Drivers/STM32G0xx_HAL_Driver/Src/stm32g0xx_hal_uart.o
                0x0000000008008a04                HAL_UART_ErrorCallback
 .text.HAL_UARTEx_RxEventCallback
                0x0000000008008a14       0x16 ./Drivers/STM32G0xx_HAL_Driver/Src/stm32g0xx_hal_uart.o
                0x0000000008008a14                HAL_UARTEx_RxEventCallback
 *fill*         0x0000000008008a2a        0x2 
 .text.UART_SetConfig
                0x0000000008008a2c      0x2d4 ./Drivers/STM32G0xx_HAL_Driver/Src/stm32g0xx_hal_uart.o
                0x0000000008008a2c                UART_SetConfig
 .text.UART_AdvFeatureConfig
                0x0000000008008d00      0x168 ./Drivers/STM32G0xx_HAL_Driver/Src/stm32g0xx_hal_uart.o
                0x0000000008008d00                UART_AdvFeatureConfig
 .text.UART_CheckIdleState
                0x0000000008008e68       0x94 ./Drivers/STM32G0xx_HAL_Driver/Src/stm32g0xx_hal_uart.o
                0x0000000008008e68                UART_CheckIdleState
 .text.UART_WaitOnFlagUntilTimeout
                0x0000000008008efc      0x190 ./Drivers/STM32G0xx_HAL_Driver/Src/stm32g0xx_hal_uart.o
                0x0000000008008efc                UART_WaitOnFlagUntilTimeout
 .text.UART_EndRxTransfer
                0x000000000800908c       0xcc ./Drivers/STM32G0xx_HAL_Driver/Src/stm32g0xx_hal_uart.o
 .text.UART_DMAAbortOnError
                0x0000000008009158       0x2e ./Drivers/STM32G0xx_HAL_Driver/Src/stm32g0xx_hal_uart.o
 .text.UART_EndTransmit_IT
                0x0000000008009186       0x58 ./Drivers/STM32G0xx_HAL_Driver/Src/stm32g0xx_hal_uart.o
 *fill*         0x00000000080091de        0x2 
 .text.HAL_RS485Ex_Init
                0x00000000080091e0       0xe4 ./Drivers/STM32G0xx_HAL_Driver/Src/stm32g0xx_hal_uart_ex.o
                0x00000000080091e0                HAL_RS485Ex_Init
 .text.HAL_UARTEx_WakeupCallback
                0x00000000080092c4       0x10 ./Drivers/STM32G0xx_HAL_Driver/Src/stm32g0xx_hal_uart_ex.o
                0x00000000080092c4                HAL_UARTEx_WakeupCallback
 .text.HAL_UARTEx_RxFifoFullCallback
                0x00000000080092d4       0x10 ./Drivers/STM32G0xx_HAL_Driver/Src/stm32g0xx_hal_uart_ex.o
                0x00000000080092d4                HAL_UARTEx_RxFifoFullCallback
 .text.HAL_UARTEx_TxFifoEmptyCallback
                0x00000000080092e4       0x10 ./Drivers/STM32G0xx_HAL_Driver/Src/stm32g0xx_hal_uart_ex.o
                0x00000000080092e4                HAL_UARTEx_TxFifoEmptyCallback
 .text.New_MedianFilter
                0x00000000080092f4       0xd8 ./MedianFilter/MedianFilter.o
                0x00000000080092f4                New_MedianFilter
 .text.constrain
                0x00000000080093cc       0x2e ./MedianFilter/MedianFilter.o
                0x00000000080093cc                constrain
 .text.MedianFilter_In
                0x00000000080093fa      0x21a ./MedianFilter/MedianFilter.o
                0x00000000080093fa                MedianFilter_In
 .text.MedianFilter_Out
                0x0000000008009614       0x26 ./MedianFilter/MedianFilter.o
                0x0000000008009614                MedianFilter_Out
 *fill*         0x000000000800963a        0x2 
 .text.eMBInit  0x000000000800963c      0x130 ./modbus/mb.o
                0x000000000800963c                eMBInit
 .text.eMBEnable
                0x000000000800976c       0x3c ./modbus/mb.o
                0x000000000800976c                eMBEnable
 .text.eMBPoll  0x00000000080097a8      0x194 ./modbus/mb.o
                0x00000000080097a8                eMBPoll
 .text.usMBCRC16
                0x000000000800993c       0x8c ./modbus/mbcrc.o
                0x000000000800993c                usMBCRC16
 .text.eMBFuncReadCoils
                0x00000000080099c8      0x156 ./modbus/mbfunccoils.o
                0x00000000080099c8                eMBFuncReadCoils
 .text.eMBFuncWriteCoil
                0x0000000008009b1e       0xdc ./modbus/mbfunccoils.o
                0x0000000008009b1e                eMBFuncWriteCoil
 .text.eMBFuncWriteMultipleCoils
                0x0000000008009bfa      0x128 ./modbus/mbfunccoils.o
                0x0000000008009bfa                eMBFuncWriteMultipleCoils
 .text.eMBFuncReadDiscreteInputs
                0x0000000008009d22      0x156 ./modbus/mbfuncdisc.o
                0x0000000008009d22                eMBFuncReadDiscreteInputs
 .text.eMBFuncWriteHoldingRegister
                0x0000000008009e78       0x90 ./modbus/mbfuncholding.o
                0x0000000008009e78                eMBFuncWriteHoldingRegister
 .text.eMBFuncWriteMultipleHoldingRegister
                0x0000000008009f08       0xf6 ./modbus/mbfuncholding.o
                0x0000000008009f08                eMBFuncWriteMultipleHoldingRegister
 .text.eMBFuncReadHoldingRegister
                0x0000000008009ffe      0x11e ./modbus/mbfuncholding.o
                0x0000000008009ffe                eMBFuncReadHoldingRegister
 .text.eMBFuncReadWriteMultipleHoldingRegister
                0x000000000800a11c      0x1cc ./modbus/mbfuncholding.o
                0x000000000800a11c                eMBFuncReadWriteMultipleHoldingRegister
 .text.eMBFuncReadInputRegister
                0x000000000800a2e8      0x128 ./modbus/mbfuncinput.o
                0x000000000800a2e8                eMBFuncReadInputRegister
 .text.eMBFuncReportSlaveID
                0x000000000800a410       0x3c ./modbus/mbfuncother.o
                0x000000000800a410                eMBFuncReportSlaveID
 .text.eMBRTUInit
                0x000000000800a44c       0x9c ./modbus/mbrtu.o
                0x000000000800a44c                eMBRTUInit
 .text.eMBRTUStart
                0x000000000800a4e8       0x28 ./modbus/mbrtu.o
                0x000000000800a4e8                eMBRTUStart
 .text.eMBRTUStop
                0x000000000800a510       0x1e ./modbus/mbrtu.o
                0x000000000800a510                eMBRTUStop
 *fill*         0x000000000800a52e        0x2 
 .text.eMBRTUReceive
                0x000000000800a530       0xb0 ./modbus/mbrtu.o
                0x000000000800a530                eMBRTUReceive
 .text.eMBRTUSend
                0x000000000800a5e0       0xe8 ./modbus/mbrtu.o
                0x000000000800a5e0                eMBRTUSend
 .text.xMBRTUReceiveFSM
                0x000000000800a6c8       0xd4 ./modbus/mbrtu.o
                0x000000000800a6c8                xMBRTUReceiveFSM
 .text.xMBRTUTransmitFSM
                0x000000000800a79c       0xb4 ./modbus/mbrtu.o
                0x000000000800a79c                xMBRTUTransmitFSM
 .text.xMBRTUTimerT35Expired
                0x000000000800a850       0x94 ./modbus/mbrtu.o
                0x000000000800a850                xMBRTUTimerT35Expired
 .text.prveMBError2Exception
                0x000000000800a8e4       0x56 ./modbus/mbutils.o
                0x000000000800a8e4                prveMBError2Exception
 *fill*         0x000000000800a93a        0x2 
 .text.xMBPortEventInit
                0x000000000800a93c       0x18 ./modbus/portevent.o
                0x000000000800a93c                xMBPortEventInit
 .text.xMBPortEventPost
                0x000000000800a954       0x2c ./modbus/portevent.o
                0x000000000800a954                xMBPortEventPost
 .text.xMBPortEventGet
                0x000000000800a980       0x44 ./modbus/portevent.o
                0x000000000800a980                xMBPortEventGet
 .text.vMBPortSerialEnable
                0x000000000800a9c4       0x74 ./modbus/portserial.o
                0x000000000800a9c4                vMBPortSerialEnable
 .text.xMBPortSerialInit
                0x000000000800aa38       0x2a ./modbus/portserial.o
                0x000000000800aa38                xMBPortSerialInit
 *fill*         0x000000000800aa62        0x2 
 .text.xMBPortSerialPutByte
                0x000000000800aa64       0x2c ./modbus/portserial.o
                0x000000000800aa64                xMBPortSerialPutByte
 .text.xMBPortSerialGetByte
                0x000000000800aa90       0x24 ./modbus/portserial.o
                0x000000000800aa90                xMBPortSerialGetByte
 .text.xMBPortTimersInit
                0x000000000800aab4       0x88 ./modbus/porttimer.o
                0x000000000800aab4                xMBPortTimersInit
 .text.vMBPortTimersEnable
                0x000000000800ab3c       0x28 ./modbus/porttimer.o
                0x000000000800ab3c                vMBPortTimersEnable
 .text.vMBPortTimersDisable
                0x000000000800ab64       0x18 ./modbus/porttimer.o
                0x000000000800ab64                vMBPortTimersDisable
 .text.W25qxx_Spi
                0x000000000800ab7c       0x30 ./w25qxx/w25qxx.o
                0x000000000800ab7c                W25qxx_Spi
 .text.W25qxx_ReadID
                0x000000000800abac       0x70 ./w25qxx/w25qxx.o
                0x000000000800abac                W25qxx_ReadID
 .text.W25qxx_ReadUniqID
                0x000000000800ac1c       0x84 ./w25qxx/w25qxx.o
                0x000000000800ac1c                W25qxx_ReadUniqID
 .text.W25qxx_ReadStatusRegister
                0x000000000800aca0       0xb0 ./w25qxx/w25qxx.o
                0x000000000800aca0                W25qxx_ReadStatusRegister
 .text.W25qxx_Init
                0x000000000800ad50      0x174 ./w25qxx/w25qxx.o
                0x000000000800ad50                W25qxx_Init
 .text.__assert_func
                0x000000000800aec4       0x3c c:/apps/stm32cubeide/plugins/com.st.stm32cube.ide.mcu.externaltools.gnu-tools-for-stm32.10.3-2021.10.win32_1.0.0.202111181127/tools/bin/../lib/gcc/arm-none-eabi/10.3.1/../../../../arm-none-eabi/lib/thumb/v6-m/nofp\libc_nano.a(lib_a-assert.o)
                0x000000000800aec4                __assert_func
 .text.calloc   0x000000000800af00       0x14 c:/apps/stm32cubeide/plugins/com.st.stm32cube.ide.mcu.externaltools.gnu-tools-for-stm32.10.3-2021.10.win32_1.0.0.202111181127/tools/bin/../lib/gcc/arm-none-eabi/10.3.1/../../../../arm-none-eabi/lib/thumb/v6-m/nofp\libc_nano.a(lib_a-calloc.o)
                0x000000000800af00                calloc
 .text.__errno  0x000000000800af14        0xc c:/apps/stm32cubeide/plugins/com.st.stm32cube.ide.mcu.externaltools.gnu-tools-for-stm32.10.3-2021.10.win32_1.0.0.202111181127/tools/bin/../lib/gcc/arm-none-eabi/10.3.1/../../../../arm-none-eabi/lib/thumb/v6-m/nofp\libc_nano.a(lib_a-errno.o)
                0x000000000800af14                __errno
 .text.fprintf  0x000000000800af20       0x20 c:/apps/stm32cubeide/plugins/com.st.stm32cube.ide.mcu.externaltools.gnu-tools-for-stm32.10.3-2021.10.win32_1.0.0.202111181127/tools/bin/../lib/gcc/arm-none-eabi/10.3.1/../../../../arm-none-eabi/lib/thumb/v6-m/nofp\libc_nano.a(lib_a-fprintf.o)
                0x000000000800af20                fiprintf
                0x000000000800af20                fprintf
 .text.__libc_init_array
                0x000000000800af40       0x48 c:/apps/stm32cubeide/plugins/com.st.stm32cube.ide.mcu.externaltools.gnu-tools-for-stm32.10.3-2021.10.win32_1.0.0.202111181127/tools/bin/../lib/gcc/arm-none-eabi/10.3.1/../../../../arm-none-eabi/lib/thumb/v6-m/nofp\libc_nano.a(lib_a-init.o)
                0x000000000800af40                __libc_init_array
 .text.malloc   0x000000000800af88       0x14 c:/apps/stm32cubeide/plugins/com.st.stm32cube.ide.mcu.externaltools.gnu-tools-for-stm32.10.3-2021.10.win32_1.0.0.202111181127/tools/bin/../lib/gcc/arm-none-eabi/10.3.1/../../../../arm-none-eabi/lib/thumb/v6-m/nofp\libc_nano.a(lib_a-malloc.o)
                0x000000000800af88                malloc
 .text.memcpy   0x000000000800af9c       0x12 c:/apps/stm32cubeide/plugins/com.st.stm32cube.ide.mcu.externaltools.gnu-tools-for-stm32.10.3-2021.10.win32_1.0.0.202111181127/tools/bin/../lib/gcc/arm-none-eabi/10.3.1/../../../../arm-none-eabi/lib/thumb/v6-m/nofp\libc_nano.a(lib_a-memcpy-stub.o)
                0x000000000800af9c                memcpy
 .text.memset   0x000000000800afae       0x10 c:/apps/stm32cubeide/plugins/com.st.stm32cube.ide.mcu.externaltools.gnu-tools-for-stm32.10.3-2021.10.win32_1.0.0.202111181127/tools/bin/../lib/gcc/arm-none-eabi/10.3.1/../../../../arm-none-eabi/lib/thumb/v6-m/nofp\libc_nano.a(lib_a-memset.o)
                0x000000000800afae                memset
 .text._calloc_r
                0x000000000800afbe       0x58 c:/apps/stm32cubeide/plugins/com.st.stm32cube.ide.mcu.externaltools.gnu-tools-for-stm32.10.3-2021.10.win32_1.0.0.202111181127/tools/bin/../lib/gcc/arm-none-eabi/10.3.1/../../../../arm-none-eabi/lib/thumb/v6-m/nofp\libc_nano.a(lib_a-nano-callocr.o)
                0x000000000800afbe                _calloc_r
 *fill*         0x000000000800b016        0x2 
 .text._free_r  0x000000000800b018       0x94 c:/apps/stm32cubeide/plugins/com.st.stm32cube.ide.mcu.externaltools.gnu-tools-for-stm32.10.3-2021.10.win32_1.0.0.202111181127/tools/bin/../lib/gcc/arm-none-eabi/10.3.1/../../../../arm-none-eabi/lib/thumb/v6-m/nofp\libc_nano.a(lib_a-nano-freer.o)
                0x000000000800b018                _free_r
 .text.sbrk_aligned
                0x000000000800b0ac       0x44 c:/apps/stm32cubeide/plugins/com.st.stm32cube.ide.mcu.externaltools.gnu-tools-for-stm32.10.3-2021.10.win32_1.0.0.202111181127/tools/bin/../lib/gcc/arm-none-eabi/10.3.1/../../../../arm-none-eabi/lib/thumb/v6-m/nofp\libc_nano.a(lib_a-nano-mallocr.o)
 .text._malloc_r
                0x000000000800b0f0       0xec c:/apps/stm32cubeide/plugins/com.st.stm32cube.ide.mcu.externaltools.gnu-tools-for-stm32.10.3-2021.10.win32_1.0.0.202111181127/tools/bin/../lib/gcc/arm-none-eabi/10.3.1/../../../../arm-none-eabi/lib/thumb/v6-m/nofp\libc_nano.a(lib_a-nano-mallocr.o)
                0x000000000800b0f0                _malloc_r
 .text.__sfputc_r
                0x000000000800b1dc       0x2a c:/apps/stm32cubeide/plugins/com.st.stm32cube.ide.mcu.externaltools.gnu-tools-for-stm32.10.3-2021.10.win32_1.0.0.202111181127/tools/bin/../lib/gcc/arm-none-eabi/10.3.1/../../../../arm-none-eabi/lib/thumb/v6-m/nofp\libc_nano.a(lib_a-nano-vfprintf.o)
 .text.__sfputs_r
                0x000000000800b206       0x24 c:/apps/stm32cubeide/plugins/com.st.stm32cube.ide.mcu.externaltools.gnu-tools-for-stm32.10.3-2021.10.win32_1.0.0.202111181127/tools/bin/../lib/gcc/arm-none-eabi/10.3.1/../../../../arm-none-eabi/lib/thumb/v6-m/nofp\libc_nano.a(lib_a-nano-vfprintf.o)
                0x000000000800b206                __sfputs_r
 *fill*         0x000000000800b22a        0x2 
 .text._vfprintf_r
                0x000000000800b22c      0x274 c:/apps/stm32cubeide/plugins/com.st.stm32cube.ide.mcu.externaltools.gnu-tools-for-stm32.10.3-2021.10.win32_1.0.0.202111181127/tools/bin/../lib/gcc/arm-none-eabi/10.3.1/../../../../arm-none-eabi/lib/thumb/v6-m/nofp\libc_nano.a(lib_a-nano-vfprintf.o)
                0x000000000800b22c                _vfprintf_r
                0x000000000800b22c                _vfiprintf_r
 .text.__cvt    0x000000000800b4a0       0xc6 c:/apps/stm32cubeide/plugins/com.st.stm32cube.ide.mcu.externaltools.gnu-tools-for-stm32.10.3-2021.10.win32_1.0.0.202111181127/tools/bin/../lib/gcc/arm-none-eabi/10.3.1/../../../../arm-none-eabi/lib/thumb/v6-m/nofp\libc_nano.a(lib_a-nano-vfprintf_float.o)
                0x000000000800b4a0                __cvt
 .text.__exponent
                0x000000000800b566       0x8e c:/apps/stm32cubeide/plugins/com.st.stm32cube.ide.mcu.externaltools.gnu-tools-for-stm32.10.3-2021.10.win32_1.0.0.202111181127/tools/bin/../lib/gcc/arm-none-eabi/10.3.1/../../../../arm-none-eabi/lib/thumb/v6-m/nofp\libc_nano.a(lib_a-nano-vfprintf_float.o)
                0x000000000800b566                __exponent
 .text._printf_float
                0x000000000800b5f4      0x484 c:/apps/stm32cubeide/plugins/com.st.stm32cube.ide.mcu.externaltools.gnu-tools-for-stm32.10.3-2021.10.win32_1.0.0.202111181127/tools/bin/../lib/gcc/arm-none-eabi/10.3.1/../../../../arm-none-eabi/lib/thumb/v6-m/nofp\libc_nano.a(lib_a-nano-vfprintf_float.o)
                0x000000000800b5f4                _printf_float
 .text._printf_common
                0x000000000800ba78       0xde c:/apps/stm32cubeide/plugins/com.st.stm32cube.ide.mcu.externaltools.gnu-tools-for-stm32.10.3-2021.10.win32_1.0.0.202111181127/tools/bin/../lib/gcc/arm-none-eabi/10.3.1/../../../../arm-none-eabi/lib/thumb/v6-m/nofp\libc_nano.a(lib_a-nano-vfprintf_i.o)
                0x000000000800ba78                _printf_common
 *fill*         0x000000000800bb56        0x2 
 .text._printf_i
                0x000000000800bb58      0x224 c:/apps/stm32cubeide/plugins/com.st.stm32cube.ide.mcu.externaltools.gnu-tools-for-stm32.10.3-2021.10.win32_1.0.0.202111181127/tools/bin/../lib/gcc/arm-none-eabi/10.3.1/../../../../arm-none-eabi/lib/thumb/v6-m/nofp\libc_nano.a(lib_a-nano-vfprintf_i.o)
                0x000000000800bb58                _printf_i
 .text._sbrk_r  0x000000000800bd7c       0x24 c:/apps/stm32cubeide/plugins/com.st.stm32cube.ide.mcu.externaltools.gnu-tools-for-stm32.10.3-2021.10.win32_1.0.0.202111181127/tools/bin/../lib/gcc/arm-none-eabi/10.3.1/../../../../arm-none-eabi/lib/thumb/v6-m/nofp\libc_nano.a(lib_a-sbrkr.o)
                0x000000000800bd7c                _sbrk_r
 .text.__swbuf_r
                0x000000000800bda0       0xac c:/apps/stm32cubeide/plugins/com.st.stm32cube.ide.mcu.externaltools.gnu-tools-for-stm32.10.3-2021.10.win32_1.0.0.202111181127/tools/bin/../lib/gcc/arm-none-eabi/10.3.1/../../../../arm-none-eabi/lib/thumb/v6-m/nofp\libc_nano.a(lib_a-wbuf.o)
                0x000000000800bda0                __swbuf_r
 .text.__swsetup_r
                0x000000000800be4c       0xf0 c:/apps/stm32cubeide/plugins/com.st.stm32cube.ide.mcu.externaltools.gnu-tools-for-stm32.10.3-2021.10.win32_1.0.0.202111181127/tools/bin/../lib/gcc/arm-none-eabi/10.3.1/../../../../arm-none-eabi/lib/thumb/v6-m/nofp\libc_nano.a(lib_a-wsetup.o)
                0x000000000800be4c                __swsetup_r
 .text.abort    0x000000000800bf3c        0xe c:/apps/stm32cubeide/plugins/com.st.stm32cube.ide.mcu.externaltools.gnu-tools-for-stm32.10.3-2021.10.win32_1.0.0.202111181127/tools/bin/../lib/gcc/arm-none-eabi/10.3.1/../../../../arm-none-eabi/lib/thumb/v6-m/nofp\libc_nano.a(lib_a-abort.o)
                0x000000000800bf3c                abort
 .text.quorem   0x000000000800bf4a      0x116 c:/apps/stm32cubeide/plugins/com.st.stm32cube.ide.mcu.externaltools.gnu-tools-for-stm32.10.3-2021.10.win32_1.0.0.202111181127/tools/bin/../lib/gcc/arm-none-eabi/10.3.1/../../../../arm-none-eabi/lib/thumb/v6-m/nofp\libc_nano.a(lib_a-dtoa.o)
 .text._dtoa_r  0x000000000800c060      0xc34 c:/apps/stm32cubeide/plugins/com.st.stm32cube.ide.mcu.externaltools.gnu-tools-for-stm32.10.3-2021.10.win32_1.0.0.202111181127/tools/bin/../lib/gcc/arm-none-eabi/10.3.1/../../../../arm-none-eabi/lib/thumb/v6-m/nofp\libc_nano.a(lib_a-dtoa.o)
                0x000000000800c060                _dtoa_r
 .text.__sflush_r
                0x000000000800cc94      0x118 c:/apps/stm32cubeide/plugins/com.st.stm32cube.ide.mcu.externaltools.gnu-tools-for-stm32.10.3-2021.10.win32_1.0.0.202111181127/tools/bin/../lib/gcc/arm-none-eabi/10.3.1/../../../../arm-none-eabi/lib/thumb/v6-m/nofp\libc_nano.a(lib_a-fflush.o)
                0x000000000800cc94                __sflush_r
 .text._fflush_r
                0x000000000800cdac       0x80 c:/apps/stm32cubeide/plugins/com.st.stm32cube.ide.mcu.externaltools.gnu-tools-for-stm32.10.3-2021.10.win32_1.0.0.202111181127/tools/bin/../lib/gcc/arm-none-eabi/10.3.1/../../../../arm-none-eabi/lib/thumb/v6-m/nofp\libc_nano.a(lib_a-fflush.o)
                0x000000000800cdac                _fflush_r
 .text.std      0x000000000800ce2c       0x48 c:/apps/stm32cubeide/plugins/com.st.stm32cube.ide.mcu.externaltools.gnu-tools-for-stm32.10.3-2021.10.win32_1.0.0.202111181127/tools/bin/../lib/gcc/arm-none-eabi/10.3.1/../../../../arm-none-eabi/lib/thumb/v6-m/nofp\libc_nano.a(lib_a-findfp.o)
 .text._cleanup_r
                0x000000000800ce74       0x10 c:/apps/stm32cubeide/plugins/com.st.stm32cube.ide.mcu.externaltools.gnu-tools-for-stm32.10.3-2021.10.win32_1.0.0.202111181127/tools/bin/../lib/gcc/arm-none-eabi/10.3.1/../../../../arm-none-eabi/lib/thumb/v6-m/nofp\libc_nano.a(lib_a-findfp.o)
                0x000000000800ce74                _cleanup_r
 .text.__sfmoreglue
                0x000000000800ce84       0x2c c:/apps/stm32cubeide/plugins/com.st.stm32cube.ide.mcu.externaltools.gnu-tools-for-stm32.10.3-2021.10.win32_1.0.0.202111181127/tools/bin/../lib/gcc/arm-none-eabi/10.3.1/../../../../arm-none-eabi/lib/thumb/v6-m/nofp\libc_nano.a(lib_a-findfp.o)
                0x000000000800ce84                __sfmoreglue
 .text.__sfp_lock_acquire
                0x000000000800ceb0       0x10 c:/apps/stm32cubeide/plugins/com.st.stm32cube.ide.mcu.externaltools.gnu-tools-for-stm32.10.3-2021.10.win32_1.0.0.202111181127/tools/bin/../lib/gcc/arm-none-eabi/10.3.1/../../../../arm-none-eabi/lib/thumb/v6-m/nofp\libc_nano.a(lib_a-findfp.o)
                0x000000000800ceb0                __sfp_lock_acquire
 .text.__sfp_lock_release
                0x000000000800cec0       0x10 c:/apps/stm32cubeide/plugins/com.st.stm32cube.ide.mcu.externaltools.gnu-tools-for-stm32.10.3-2021.10.win32_1.0.0.202111181127/tools/bin/../lib/gcc/arm-none-eabi/10.3.1/../../../../arm-none-eabi/lib/thumb/v6-m/nofp\libc_nano.a(lib_a-findfp.o)
                0x000000000800cec0                __sfp_lock_release
 .text.__sinit_lock_acquire
                0x000000000800ced0       0x10 c:/apps/stm32cubeide/plugins/com.st.stm32cube.ide.mcu.externaltools.gnu-tools-for-stm32.10.3-2021.10.win32_1.0.0.202111181127/tools/bin/../lib/gcc/arm-none-eabi/10.3.1/../../../../arm-none-eabi/lib/thumb/v6-m/nofp\libc_nano.a(lib_a-findfp.o)
                0x000000000800ced0                __sinit_lock_acquire
 .text.__sinit_lock_release
                0x000000000800cee0       0x10 c:/apps/stm32cubeide/plugins/com.st.stm32cube.ide.mcu.externaltools.gnu-tools-for-stm32.10.3-2021.10.win32_1.0.0.202111181127/tools/bin/../lib/gcc/arm-none-eabi/10.3.1/../../../../arm-none-eabi/lib/thumb/v6-m/nofp\libc_nano.a(lib_a-findfp.o)
                0x000000000800cee0                __sinit_lock_release
 .text.__sinit  0x000000000800cef0       0x70 c:/apps/stm32cubeide/plugins/com.st.stm32cube.ide.mcu.externaltools.gnu-tools-for-stm32.10.3-2021.10.win32_1.0.0.202111181127/tools/bin/../lib/gcc/arm-none-eabi/10.3.1/../../../../arm-none-eabi/lib/thumb/v6-m/nofp\libc_nano.a(lib_a-findfp.o)
                0x000000000800cef0                __sinit
 .text.__sfp    0x000000000800cf60       0x90 c:/apps/stm32cubeide/plugins/com.st.stm32cube.ide.mcu.externaltools.gnu-tools-for-stm32.10.3-2021.10.win32_1.0.0.202111181127/tools/bin/../lib/gcc/arm-none-eabi/10.3.1/../../../../arm-none-eabi/lib/thumb/v6-m/nofp\libc_nano.a(lib_a-findfp.o)
                0x000000000800cf60                __sfp
 .text._fwalk_reent
                0x000000000800cff0       0x40 c:/apps/stm32cubeide/plugins/com.st.stm32cube.ide.mcu.externaltools.gnu-tools-for-stm32.10.3-2021.10.win32_1.0.0.202111181127/tools/bin/../lib/gcc/arm-none-eabi/10.3.1/../../../../arm-none-eabi/lib/thumb/v6-m/nofp\libc_nano.a(lib_a-fwalk.o)
                0x000000000800cff0                _fwalk_reent
 .text._localeconv_r
                0x000000000800d030        0x8 c:/apps/stm32cubeide/plugins/com.st.stm32cube.ide.mcu.externaltools.gnu-tools-for-stm32.10.3-2021.10.win32_1.0.0.202111181127/tools/bin/../lib/gcc/arm-none-eabi/10.3.1/../../../../arm-none-eabi/lib/thumb/v6-m/nofp\libc_nano.a(lib_a-localeconv.o)
                0x000000000800d030                _localeconv_r
 .text.__retarget_lock_init_recursive
                0x000000000800d038        0x2 c:/apps/stm32cubeide/plugins/com.st.stm32cube.ide.mcu.externaltools.gnu-tools-for-stm32.10.3-2021.10.win32_1.0.0.202111181127/tools/bin/../lib/gcc/arm-none-eabi/10.3.1/../../../../arm-none-eabi/lib/thumb/v6-m/nofp\libc_nano.a(lib_a-lock.o)
                0x000000000800d038                __retarget_lock_init_recursive
 .text.__retarget_lock_acquire_recursive
                0x000000000800d03a        0x2 c:/apps/stm32cubeide/plugins/com.st.stm32cube.ide.mcu.externaltools.gnu-tools-for-stm32.10.3-2021.10.win32_1.0.0.202111181127/tools/bin/../lib/gcc/arm-none-eabi/10.3.1/../../../../arm-none-eabi/lib/thumb/v6-m/nofp\libc_nano.a(lib_a-lock.o)
                0x000000000800d03a                __retarget_lock_acquire_recursive
 .text.__retarget_lock_release_recursive
                0x000000000800d03c        0x2 c:/apps/stm32cubeide/plugins/com.st.stm32cube.ide.mcu.externaltools.gnu-tools-for-stm32.10.3-2021.10.win32_1.0.0.202111181127/tools/bin/../lib/gcc/arm-none-eabi/10.3.1/../../../../arm-none-eabi/lib/thumb/v6-m/nofp\libc_nano.a(lib_a-lock.o)
                0x000000000800d03c                __retarget_lock_release_recursive
 *fill*         0x000000000800d03e        0x2 
 .text.__swhatbuf_r
                0x000000000800d040       0x50 c:/apps/stm32cubeide/plugins/com.st.stm32cube.ide.mcu.externaltools.gnu-tools-for-stm32.10.3-2021.10.win32_1.0.0.202111181127/tools/bin/../lib/gcc/arm-none-eabi/10.3.1/../../../../arm-none-eabi/lib/thumb/v6-m/nofp\libc_nano.a(lib_a-makebuf.o)
                0x000000000800d040                __swhatbuf_r
 .text.__smakebuf_r
                0x000000000800d090       0x88 c:/apps/stm32cubeide/plugins/com.st.stm32cube.ide.mcu.externaltools.gnu-tools-for-stm32.10.3-2021.10.win32_1.0.0.202111181127/tools/bin/../lib/gcc/arm-none-eabi/10.3.1/../../../../arm-none-eabi/lib/thumb/v6-m/nofp\libc_nano.a(lib_a-makebuf.o)
                0x000000000800d090                __smakebuf_r
 .text.memchr   0x000000000800d118       0x16 c:/apps/stm32cubeide/plugins/com.st.stm32cube.ide.mcu.externaltools.gnu-tools-for-stm32.10.3-2021.10.win32_1.0.0.202111181127/tools/bin/../lib/gcc/arm-none-eabi/10.3.1/../../../../arm-none-eabi/lib/thumb/v6-m/nofp\libc_nano.a(lib_a-memchr-stub.o)
                0x000000000800d118                memchr
 *fill*         0x000000000800d12e        0x2 
 .text.__malloc_lock
                0x000000000800d130       0x10 c:/apps/stm32cubeide/plugins/com.st.stm32cube.ide.mcu.externaltools.gnu-tools-for-stm32.10.3-2021.10.win32_1.0.0.202111181127/tools/bin/../lib/gcc/arm-none-eabi/10.3.1/../../../../arm-none-eabi/lib/thumb/v6-m/nofp\libc_nano.a(lib_a-mlock.o)
                0x000000000800d130                __malloc_lock
 .text.__malloc_unlock
                0x000000000800d140       0x10 c:/apps/stm32cubeide/plugins/com.st.stm32cube.ide.mcu.externaltools.gnu-tools-for-stm32.10.3-2021.10.win32_1.0.0.202111181127/tools/bin/../lib/gcc/arm-none-eabi/10.3.1/../../../../arm-none-eabi/lib/thumb/v6-m/nofp\libc_nano.a(lib_a-mlock.o)
                0x000000000800d140                __malloc_unlock
 .text._Balloc  0x000000000800d150       0x88 c:/apps/stm32cubeide/plugins/com.st.stm32cube.ide.mcu.externaltools.gnu-tools-for-stm32.10.3-2021.10.win32_1.0.0.202111181127/tools/bin/../lib/gcc/arm-none-eabi/10.3.1/../../../../arm-none-eabi/lib/thumb/v6-m/nofp\libc_nano.a(lib_a-mprec.o)
                0x000000000800d150                _Balloc
 .text._Bfree   0x000000000800d1d8       0x48 c:/apps/stm32cubeide/plugins/com.st.stm32cube.ide.mcu.externaltools.gnu-tools-for-stm32.10.3-2021.10.win32_1.0.0.202111181127/tools/bin/../lib/gcc/arm-none-eabi/10.3.1/../../../../arm-none-eabi/lib/thumb/v6-m/nofp\libc_nano.a(lib_a-mprec.o)
                0x000000000800d1d8                _Bfree
 .text.__multadd
                0x000000000800d220       0x88 c:/apps/stm32cubeide/plugins/com.st.stm32cube.ide.mcu.externaltools.gnu-tools-for-stm32.10.3-2021.10.win32_1.0.0.202111181127/tools/bin/../lib/gcc/arm-none-eabi/10.3.1/../../../../arm-none-eabi/lib/thumb/v6-m/nofp\libc_nano.a(lib_a-mprec.o)
                0x000000000800d220                __multadd
 .text.__hi0bits
                0x000000000800d2a8       0x34 c:/apps/stm32cubeide/plugins/com.st.stm32cube.ide.mcu.externaltools.gnu-tools-for-stm32.10.3-2021.10.win32_1.0.0.202111181127/tools/bin/../lib/gcc/arm-none-eabi/10.3.1/../../../../arm-none-eabi/lib/thumb/v6-m/nofp\libc_nano.a(lib_a-mprec.o)
                0x000000000800d2a8                __hi0bits
 .text.__lo0bits
                0x000000000800d2dc       0x5c c:/apps/stm32cubeide/plugins/com.st.stm32cube.ide.mcu.externaltools.gnu-tools-for-stm32.10.3-2021.10.win32_1.0.0.202111181127/tools/bin/../lib/gcc/arm-none-eabi/10.3.1/../../../../arm-none-eabi/lib/thumb/v6-m/nofp\libc_nano.a(lib_a-mprec.o)
                0x000000000800d2dc                __lo0bits
 .text.__i2b    0x000000000800d338       0x2c c:/apps/stm32cubeide/plugins/com.st.stm32cube.ide.mcu.externaltools.gnu-tools-for-stm32.10.3-2021.10.win32_1.0.0.202111181127/tools/bin/../lib/gcc/arm-none-eabi/10.3.1/../../../../arm-none-eabi/lib/thumb/v6-m/nofp\libc_nano.a(lib_a-mprec.o)
                0x000000000800d338                __i2b
 .text.__multiply
                0x000000000800d364      0x160 c:/apps/stm32cubeide/plugins/com.st.stm32cube.ide.mcu.externaltools.gnu-tools-for-stm32.10.3-2021.10.win32_1.0.0.202111181127/tools/bin/../lib/gcc/arm-none-eabi/10.3.1/../../../../arm-none-eabi/lib/thumb/v6-m/nofp\libc_nano.a(lib_a-mprec.o)
                0x000000000800d364                __multiply
 .text.__pow5mult
                0x000000000800d4c4       0xb8 c:/apps/stm32cubeide/plugins/com.st.stm32cube.ide.mcu.externaltools.gnu-tools-for-stm32.10.3-2021.10.win32_1.0.0.202111181127/tools/bin/../lib/gcc/arm-none-eabi/10.3.1/../../../../arm-none-eabi/lib/thumb/v6-m/nofp\libc_nano.a(lib_a-mprec.o)
                0x000000000800d4c4                __pow5mult
 .text.__lshift
                0x000000000800d57c       0xdc c:/apps/stm32cubeide/plugins/com.st.stm32cube.ide.mcu.externaltools.gnu-tools-for-stm32.10.3-2021.10.win32_1.0.0.202111181127/tools/bin/../lib/gcc/arm-none-eabi/10.3.1/../../../../arm-none-eabi/lib/thumb/v6-m/nofp\libc_nano.a(lib_a-mprec.o)
                0x000000000800d57c                __lshift
 .text.__mcmp   0x000000000800d658       0x36 c:/apps/stm32cubeide/plugins/com.st.stm32cube.ide.mcu.externaltools.gnu-tools-for-stm32.10.3-2021.10.win32_1.0.0.202111181127/tools/bin/../lib/gcc/arm-none-eabi/10.3.1/../../../../arm-none-eabi/lib/thumb/v6-m/nofp\libc_nano.a(lib_a-mprec.o)
                0x000000000800d658                __mcmp
 *fill*         0x000000000800d68e        0x2 
 .text.__mdiff  0x000000000800d690      0x130 c:/apps/stm32cubeide/plugins/com.st.stm32cube.ide.mcu.externaltools.gnu-tools-for-stm32.10.3-2021.10.win32_1.0.0.202111181127/tools/bin/../lib/gcc/arm-none-eabi/10.3.1/../../../../arm-none-eabi/lib/thumb/v6-m/nofp\libc_nano.a(lib_a-mprec.o)
                0x000000000800d690                __mdiff
 .text.__d2b    0x000000000800d7c0       0xc8 c:/apps/stm32cubeide/plugins/com.st.stm32cube.ide.mcu.externaltools.gnu-tools-for-stm32.10.3-2021.10.win32_1.0.0.202111181127/tools/bin/../lib/gcc/arm-none-eabi/10.3.1/../../../../arm-none-eabi/lib/thumb/v6-m/nofp\libc_nano.a(lib_a-mprec.o)
                0x000000000800d7c0                __d2b
 .text._raise_r
                0x000000000800d888       0x54 c:/apps/stm32cubeide/plugins/com.st.stm32cube.ide.mcu.externaltools.gnu-tools-for-stm32.10.3-2021.10.win32_1.0.0.202111181127/tools/bin/../lib/gcc/arm-none-eabi/10.3.1/../../../../arm-none-eabi/lib/thumb/v6-m/nofp\libc_nano.a(lib_a-signal.o)
                0x000000000800d888                _raise_r
 .text.raise    0x000000000800d8dc       0x14 c:/apps/stm32cubeide/plugins/com.st.stm32cube.ide.mcu.externaltools.gnu-tools-for-stm32.10.3-2021.10.win32_1.0.0.202111181127/tools/bin/../lib/gcc/arm-none-eabi/10.3.1/../../../../arm-none-eabi/lib/thumb/v6-m/nofp\libc_nano.a(lib_a-signal.o)
                0x000000000800d8dc                raise
 .text._kill_r  0x000000000800d8f0       0x24 c:/apps/stm32cubeide/plugins/com.st.stm32cube.ide.mcu.externaltools.gnu-tools-for-stm32.10.3-2021.10.win32_1.0.0.202111181127/tools/bin/../lib/gcc/arm-none-eabi/10.3.1/../../../../arm-none-eabi/lib/thumb/v6-m/nofp\libc_nano.a(lib_a-signalr.o)
                0x000000000800d8f0                _kill_r
 .text._getpid_r
                0x000000000800d914        0x8 c:/apps/stm32cubeide/plugins/com.st.stm32cube.ide.mcu.externaltools.gnu-tools-for-stm32.10.3-2021.10.win32_1.0.0.202111181127/tools/bin/../lib/gcc/arm-none-eabi/10.3.1/../../../../arm-none-eabi/lib/thumb/v6-m/nofp\libc_nano.a(lib_a-signalr.o)
                0x000000000800d914                _getpid_r
 .text.__sread  0x000000000800d91c       0x28 c:/apps/stm32cubeide/plugins/com.st.stm32cube.ide.mcu.externaltools.gnu-tools-for-stm32.10.3-2021.10.win32_1.0.0.202111181127/tools/bin/../lib/gcc/arm-none-eabi/10.3.1/../../../../arm-none-eabi/lib/thumb/v6-m/nofp\libc_nano.a(lib_a-stdio.o)
                0x000000000800d91c                __sread
 .text.__swrite
                0x000000000800d944       0x38 c:/apps/stm32cubeide/plugins/com.st.stm32cube.ide.mcu.externaltools.gnu-tools-for-stm32.10.3-2021.10.win32_1.0.0.202111181127/tools/bin/../lib/gcc/arm-none-eabi/10.3.1/../../../../arm-none-eabi/lib/thumb/v6-m/nofp\libc_nano.a(lib_a-stdio.o)
                0x000000000800d944                __swrite
 .text.__sseek  0x000000000800d97c       0x2c c:/apps/stm32cubeide/plugins/com.st.stm32cube.ide.mcu.externaltools.gnu-tools-for-stm32.10.3-2021.10.win32_1.0.0.202111181127/tools/bin/../lib/gcc/arm-none-eabi/10.3.1/../../../../arm-none-eabi/lib/thumb/v6-m/nofp\libc_nano.a(lib_a-stdio.o)
                0x000000000800d97c                __sseek
 .text.__sclose
                0x000000000800d9a8        0xc c:/apps/stm32cubeide/plugins/com.st.stm32cube.ide.mcu.externaltools.gnu-tools-for-stm32.10.3-2021.10.win32_1.0.0.202111181127/tools/bin/../lib/gcc/arm-none-eabi/10.3.1/../../../../arm-none-eabi/lib/thumb/v6-m/nofp\libc_nano.a(lib_a-stdio.o)
                0x000000000800d9a8                __sclose
 .text._write_r
                0x000000000800d9b4       0x28 c:/apps/stm32cubeide/plugins/com.st.stm32cube.ide.mcu.externaltools.gnu-tools-for-stm32.10.3-2021.10.win32_1.0.0.202111181127/tools/bin/../lib/gcc/arm-none-eabi/10.3.1/../../../../arm-none-eabi/lib/thumb/v6-m/nofp\libc_nano.a(lib_a-writer.o)
                0x000000000800d9b4                _write_r
 .text._close_r
                0x000000000800d9dc       0x24 c:/apps/stm32cubeide/plugins/com.st.stm32cube.ide.mcu.externaltools.gnu-tools-for-stm32.10.3-2021.10.win32_1.0.0.202111181127/tools/bin/../lib/gcc/arm-none-eabi/10.3.1/../../../../arm-none-eabi/lib/thumb/v6-m/nofp\libc_nano.a(lib_a-closer.o)
                0x000000000800d9dc                _close_r
 .text._fstat_r
                0x000000000800da00       0x24 c:/apps/stm32cubeide/plugins/com.st.stm32cube.ide.mcu.externaltools.gnu-tools-for-stm32.10.3-2021.10.win32_1.0.0.202111181127/tools/bin/../lib/gcc/arm-none-eabi/10.3.1/../../../../arm-none-eabi/lib/thumb/v6-m/nofp\libc_nano.a(lib_a-fstatr.o)
                0x000000000800da00                _fstat_r
 .text._isatty_r
                0x000000000800da24       0x24 c:/apps/stm32cubeide/plugins/com.st.stm32cube.ide.mcu.externaltools.gnu-tools-for-stm32.10.3-2021.10.win32_1.0.0.202111181127/tools/bin/../lib/gcc/arm-none-eabi/10.3.1/../../../../arm-none-eabi/lib/thumb/v6-m/nofp\libc_nano.a(lib_a-isattyr.o)
                0x000000000800da24                _isatty_r
 .text._lseek_r
                0x000000000800da48       0x28 c:/apps/stm32cubeide/plugins/com.st.stm32cube.ide.mcu.externaltools.gnu-tools-for-stm32.10.3-2021.10.win32_1.0.0.202111181127/tools/bin/../lib/gcc/arm-none-eabi/10.3.1/../../../../arm-none-eabi/lib/thumb/v6-m/nofp\libc_nano.a(lib_a-lseekr.o)
                0x000000000800da48                _lseek_r
 .text.__ascii_mbtowc
                0x000000000800da70       0x24 c:/apps/stm32cubeide/plugins/com.st.stm32cube.ide.mcu.externaltools.gnu-tools-for-stm32.10.3-2021.10.win32_1.0.0.202111181127/tools/bin/../lib/gcc/arm-none-eabi/10.3.1/../../../../arm-none-eabi/lib/thumb/v6-m/nofp\libc_nano.a(lib_a-mbtowc_r.o)
                0x000000000800da70                __ascii_mbtowc
 .text._read_r  0x000000000800da94       0x28 c:/apps/stm32cubeide/plugins/com.st.stm32cube.ide.mcu.externaltools.gnu-tools-for-stm32.10.3-2021.10.win32_1.0.0.202111181127/tools/bin/../lib/gcc/arm-none-eabi/10.3.1/../../../../arm-none-eabi/lib/thumb/v6-m/nofp\libc_nano.a(lib_a-readr.o)
                0x000000000800da94                _read_r
 .text.__ascii_wctomb
                0x000000000800dabc       0x1a c:/apps/stm32cubeide/plugins/com.st.stm32cube.ide.mcu.externaltools.gnu-tools-for-stm32.10.3-2021.10.win32_1.0.0.202111181127/tools/bin/../lib/gcc/arm-none-eabi/10.3.1/../../../../arm-none-eabi/lib/thumb/v6-m/nofp\libc_nano.a(lib_a-wctomb_r.o)
                0x000000000800dabc                __ascii_wctomb
 *(.glue_7)
 .glue_7        0x000000000800dad6        0x0 linker stubs
 *(.glue_7t)
 .glue_7t       0x000000000800dad6        0x0 linker stubs
 *(.eh_frame)
 *fill*         0x000000000800dad6        0x2 
 .eh_frame      0x000000000800dad8        0x0 c:/apps/stm32cubeide/plugins/com.st.stm32cube.ide.mcu.externaltools.gnu-tools-for-stm32.10.3-2021.10.win32_1.0.0.202111181127/tools/bin/../lib/gcc/arm-none-eabi/10.3.1/thumb/v6-m/nofp/crtbegin.o
 *(.init)
 .init          0x000000000800dad8        0x4 c:/apps/stm32cubeide/plugins/com.st.stm32cube.ide.mcu.externaltools.gnu-tools-for-stm32.10.3-2021.10.win32_1.0.0.202111181127/tools/bin/../lib/gcc/arm-none-eabi/10.3.1/thumb/v6-m/nofp/crti.o
                0x000000000800dad8                _init
 .init          0x000000000800dadc        0x8 c:/apps/stm32cubeide/plugins/com.st.stm32cube.ide.mcu.externaltools.gnu-tools-for-stm32.10.3-2021.10.win32_1.0.0.202111181127/tools/bin/../lib/gcc/arm-none-eabi/10.3.1/thumb/v6-m/nofp/crtn.o
 *(.fini)
 .fini          0x000000000800dae4        0x4 c:/apps/stm32cubeide/plugins/com.st.stm32cube.ide.mcu.externaltools.gnu-tools-for-stm32.10.3-2021.10.win32_1.0.0.202111181127/tools/bin/../lib/gcc/arm-none-eabi/10.3.1/thumb/v6-m/nofp/crti.o
                0x000000000800dae4                _fini
 .fini          0x000000000800dae8        0x8 c:/apps/stm32cubeide/plugins/com.st.stm32cube.ide.mcu.externaltools.gnu-tools-for-stm32.10.3-2021.10.win32_1.0.0.202111181127/tools/bin/../lib/gcc/arm-none-eabi/10.3.1/thumb/v6-m/nofp/crtn.o
                0x000000000800daf0                . = ALIGN (0x4)
                0x000000000800daf0                _etext = .

.vfp11_veneer   0x000000000800daf0        0x0
 .vfp11_veneer  0x000000000800daf0        0x0 linker stubs

.v4_bx          0x000000000800daf0        0x0
 .v4_bx         0x000000000800daf0        0x0 linker stubs

.iplt           0x000000000800daf0        0x0
 .iplt          0x000000000800daf0        0x0 c:/apps/stm32cubeide/plugins/com.st.stm32cube.ide.mcu.externaltools.gnu-tools-for-stm32.10.3-2021.10.win32_1.0.0.202111181127/tools/bin/../lib/gcc/arm-none-eabi/10.3.1/thumb/v6-m/nofp/crtbegin.o

.rodata         0x000000000800daf0      0x948
                0x000000000800daf0                . = ALIGN (0x4)
 *(.rodata)
 .rodata        0x000000000800daf0       0xd7 ./modbus/mbrtu.o
 *fill*         0x000000000800dbc7        0x1 
 .rodata        0x000000000800dbc8       0x40 c:/apps/stm32cubeide/plugins/com.st.stm32cube.ide.mcu.externaltools.gnu-tools-for-stm32.10.3-2021.10.win32_1.0.0.202111181127/tools/bin/../lib/gcc/arm-none-eabi/10.3.1/thumb/v6-m/nofp\libgcc.a(divdf3.o)
 .rodata        0x000000000800dc08       0x40 c:/apps/stm32cubeide/plugins/com.st.stm32cube.ide.mcu.externaltools.gnu-tools-for-stm32.10.3-2021.10.win32_1.0.0.202111181127/tools/bin/../lib/gcc/arm-none-eabi/10.3.1/thumb/v6-m/nofp\libgcc.a(muldf3.o)
 *(.rodata*)
 .rodata.fetchHoldingRegsData
                0x000000000800dc48       0x34 ./Core/Src/main.o
 .rodata.validateWriteHoldingRegs
                0x000000000800dc7c       0x18 ./Core/Src/main.o
 .rodata.writeHoldingRegs
                0x000000000800dc94       0x18 ./Core/Src/main.o
 .rodata.AHBPrescTable
                0x000000000800dcac       0x40 ./Core/Src/system_stm32g0xx.o
                0x000000000800dcac                AHBPrescTable
 .rodata.APBPrescTable
                0x000000000800dcec       0x20 ./Core/Src/system_stm32g0xx.o
                0x000000000800dcec                APBPrescTable
 .rodata.HAL_TIM_OC_ConfigChannel
                0x000000000800dd0c       0x54 ./Drivers/STM32G0xx_HAL_Driver/Src/stm32g0xx_hal_tim.o
 .rodata.HAL_TIM_PWM_ConfigChannel
                0x000000000800dd60       0x54 ./Drivers/STM32G0xx_HAL_Driver/Src/stm32g0xx_hal_tim.o
 .rodata.UARTPrescTable
                0x000000000800ddb4       0x18 ./Drivers/STM32G0xx_HAL_Driver/Src/stm32g0xx_hal_uart.o
                0x000000000800ddb4                UARTPrescTable
 .rodata.aucCRCHi
                0x000000000800ddcc      0x100 ./modbus/mbcrc.o
 .rodata.aucCRCLo
                0x000000000800decc      0x100 ./modbus/mbcrc.o
 .rodata.__func__.3
                0x000000000800dfcc        0xe ./modbus/mbrtu.o
 *fill*         0x000000000800dfda        0x2 
 .rodata.__func__.2
                0x000000000800dfdc       0x11 ./modbus/mbrtu.o
 *fill*         0x000000000800dfed        0x3 
 .rodata.__func__.1
                0x000000000800dff0       0x12 ./modbus/mbrtu.o
 *fill*         0x000000000800e002        0x2 
 .rodata.__func__.0
                0x000000000800e004       0x16 ./modbus/mbrtu.o
 *fill*         0x000000000800e01a        0x2 
 .rodata.W25qxx_Init
                0x000000000800e01c       0x40 ./w25qxx/w25qxx.o
 .rodata.__assert_func.str1.1
                0x000000000800e05c       0x3c c:/apps/stm32cubeide/plugins/com.st.stm32cube.ide.mcu.externaltools.gnu-tools-for-stm32.10.3-2021.10.win32_1.0.0.202111181127/tools/bin/../lib/gcc/arm-none-eabi/10.3.1/../../../../arm-none-eabi/lib/thumb/v6-m/nofp\libc_nano.a(lib_a-assert.o)
                                         0x3d (size before relaxing)
 .rodata._global_impure_ptr
                0x000000000800e098        0x4 c:/apps/stm32cubeide/plugins/com.st.stm32cube.ide.mcu.externaltools.gnu-tools-for-stm32.10.3-2021.10.win32_1.0.0.202111181127/tools/bin/../lib/gcc/arm-none-eabi/10.3.1/../../../../arm-none-eabi/lib/thumb/v6-m/nofp\libc_nano.a(lib_a-impure.o)
                0x000000000800e098                _global_impure_ptr
 .rodata._vfprintf_r.str1.1
                0x000000000800e09c       0x11 c:/apps/stm32cubeide/plugins/com.st.stm32cube.ide.mcu.externaltools.gnu-tools-for-stm32.10.3-2021.10.win32_1.0.0.202111181127/tools/bin/../lib/gcc/arm-none-eabi/10.3.1/../../../../arm-none-eabi/lib/thumb/v6-m/nofp\libc_nano.a(lib_a-nano-vfprintf.o)
 .rodata._printf_float.str1.1
                0x000000000800e0ad       0x12 c:/apps/stm32cubeide/plugins/com.st.stm32cube.ide.mcu.externaltools.gnu-tools-for-stm32.10.3-2021.10.win32_1.0.0.202111181127/tools/bin/../lib/gcc/arm-none-eabi/10.3.1/../../../../arm-none-eabi/lib/thumb/v6-m/nofp\libc_nano.a(lib_a-nano-vfprintf_float.o)
 .rodata._printf_i.str1.1
                0x000000000800e0bf       0x22 c:/apps/stm32cubeide/plugins/com.st.stm32cube.ide.mcu.externaltools.gnu-tools-for-stm32.10.3-2021.10.win32_1.0.0.202111181127/tools/bin/../lib/gcc/arm-none-eabi/10.3.1/../../../../arm-none-eabi/lib/thumb/v6-m/nofp\libc_nano.a(lib_a-nano-vfprintf_i.o)
 .rodata._ctype_
                0x000000000800e0e1      0x101 c:/apps/stm32cubeide/plugins/com.st.stm32cube.ide.mcu.externaltools.gnu-tools-for-stm32.10.3-2021.10.win32_1.0.0.202111181127/tools/bin/../lib/gcc/arm-none-eabi/10.3.1/../../../../arm-none-eabi/lib/thumb/v6-m/nofp\libc_nano.a(lib_a-ctype_.o)
                0x000000000800e0e1                _ctype_
 .rodata._dtoa_r.str1.1
                0x000000000800e1e2       0x90 c:/apps/stm32cubeide/plugins/com.st.stm32cube.ide.mcu.externaltools.gnu-tools-for-stm32.10.3-2021.10.win32_1.0.0.202111181127/tools/bin/../lib/gcc/arm-none-eabi/10.3.1/../../../../arm-none-eabi/lib/thumb/v6-m/nofp\libc_nano.a(lib_a-dtoa.o)
                                         0x92 (size before relaxing)
 *fill*         0x000000000800e272        0x2 
 .rodata.__sf_fake_stderr
                0x000000000800e274       0x20 c:/apps/stm32cubeide/plugins/com.st.stm32cube.ide.mcu.externaltools.gnu-tools-for-stm32.10.3-2021.10.win32_1.0.0.202111181127/tools/bin/../lib/gcc/arm-none-eabi/10.3.1/../../../../arm-none-eabi/lib/thumb/v6-m/nofp\libc_nano.a(lib_a-findfp.o)
                0x000000000800e274                __sf_fake_stderr
 .rodata.__sf_fake_stdin
                0x000000000800e294       0x20 c:/apps/stm32cubeide/plugins/com.st.stm32cube.ide.mcu.externaltools.gnu-tools-for-stm32.10.3-2021.10.win32_1.0.0.202111181127/tools/bin/../lib/gcc/arm-none-eabi/10.3.1/../../../../arm-none-eabi/lib/thumb/v6-m/nofp\libc_nano.a(lib_a-findfp.o)
                0x000000000800e294                __sf_fake_stdin
 .rodata.__sf_fake_stdout
                0x000000000800e2b4       0x20 c:/apps/stm32cubeide/plugins/com.st.stm32cube.ide.mcu.externaltools.gnu-tools-for-stm32.10.3-2021.10.win32_1.0.0.202111181127/tools/bin/../lib/gcc/arm-none-eabi/10.3.1/../../../../arm-none-eabi/lib/thumb/v6-m/nofp\libc_nano.a(lib_a-findfp.o)
                0x000000000800e2b4                __sf_fake_stdout
 .rodata._Balloc.str1.1
                0x000000000800e2d4       0x5c c:/apps/stm32cubeide/plugins/com.st.stm32cube.ide.mcu.externaltools.gnu-tools-for-stm32.10.3-2021.10.win32_1.0.0.202111181127/tools/bin/../lib/gcc/arm-none-eabi/10.3.1/../../../../arm-none-eabi/lib/thumb/v6-m/nofp\libc_nano.a(lib_a-mprec.o)
                                         0x73 (size before relaxing)
 .rodata.__multadd.str1.1
                0x000000000800e330       0x11 c:/apps/stm32cubeide/plugins/com.st.stm32cube.ide.mcu.externaltools.gnu-tools-for-stm32.10.3-2021.10.win32_1.0.0.202111181127/tools/bin/../lib/gcc/arm-none-eabi/10.3.1/../../../../arm-none-eabi/lib/thumb/v6-m/nofp\libc_nano.a(lib_a-mprec.o)
 .rodata.__mprec_bigtens
                0x000000000800e330       0x28 c:/apps/stm32cubeide/plugins/com.st.stm32cube.ide.mcu.externaltools.gnu-tools-for-stm32.10.3-2021.10.win32_1.0.0.202111181127/tools/bin/../lib/gcc/arm-none-eabi/10.3.1/../../../../arm-none-eabi/lib/thumb/v6-m/nofp\libc_nano.a(lib_a-mprec.o)
                0x000000000800e330                __mprec_bigtens
 .rodata.__mprec_tens
                0x000000000800e358       0xc8 c:/apps/stm32cubeide/plugins/com.st.stm32cube.ide.mcu.externaltools.gnu-tools-for-stm32.10.3-2021.10.win32_1.0.0.202111181127/tools/bin/../lib/gcc/arm-none-eabi/10.3.1/../../../../arm-none-eabi/lib/thumb/v6-m/nofp\libc_nano.a(lib_a-mprec.o)
                0x000000000800e358                __mprec_tens
 .rodata.p05.0  0x000000000800e420        0xc c:/apps/stm32cubeide/plugins/com.st.stm32cube.ide.mcu.externaltools.gnu-tools-for-stm32.10.3-2021.10.win32_1.0.0.202111181127/tools/bin/../lib/gcc/arm-none-eabi/10.3.1/../../../../arm-none-eabi/lib/thumb/v6-m/nofp\libc_nano.a(lib_a-mprec.o)
 .rodata._setlocale_r.str1.1
                0x000000000800e42c        0x8 c:/apps/stm32cubeide/plugins/com.st.stm32cube.ide.mcu.externaltools.gnu-tools-for-stm32.10.3-2021.10.win32_1.0.0.202111181127/tools/bin/../lib/gcc/arm-none-eabi/10.3.1/../../../../arm-none-eabi/lib/thumb/v6-m/nofp\libc_nano.a(lib_a-locale.o)
                                          0x9 (size before relaxing)
 .rodata.str1.1
                0x000000000800e434        0x2 c:/apps/stm32cubeide/plugins/com.st.stm32cube.ide.mcu.externaltools.gnu-tools-for-stm32.10.3-2021.10.win32_1.0.0.202111181127/tools/bin/../lib/gcc/arm-none-eabi/10.3.1/../../../../arm-none-eabi/lib/thumb/v6-m/nofp\libc_nano.a(lib_a-locale.o)
                0x000000000800e438                . = ALIGN (0x4)
 *fill*         0x000000000800e436        0x2 

.rel.dyn        0x000000000800e438        0x0
 .rel.iplt      0x000000000800e438        0x0 c:/apps/stm32cubeide/plugins/com.st.stm32cube.ide.mcu.externaltools.gnu-tools-for-stm32.10.3-2021.10.win32_1.0.0.202111181127/tools/bin/../lib/gcc/arm-none-eabi/10.3.1/thumb/v6-m/nofp/crtbegin.o

.ARM.extab      0x000000000800e438        0x0
                0x000000000800e438                . = ALIGN (0x4)
 *(.ARM.extab* .gnu.linkonce.armextab.*)
                0x000000000800e438                . = ALIGN (0x4)

.ARM            0x000000000800e438        0x0
                0x000000000800e438                . = ALIGN (0x4)
                0x000000000800e438                __exidx_start = .
 *(.ARM.exidx*)
                0x000000000800e438                __exidx_end = .
                0x000000000800e438                . = ALIGN (0x4)
