../Core/Src/main.c:62:5:__io_putchar	16	static
../Core/Src/main.c:106:5:getDeviceAddress	24	static
../Core/Src/main.c:125:6:writeDeviceAddress	24	static
../Core/Src/main.c:134:10:millis	8	static
../Core/Src/main.c:150:6:HAL_TIM_PeriodElapsedCallback	16	static
../Core/Src/main.c:176:5:main	24	static
../Core/Src/main.c:300:6:SystemClock_Config	88	static
../Core/Src/main.c:349:9:fetchHoldingRegsData	24	static
../Core/Src/main.c:402:6:writeHoldingRegs	16	static
../Core/Src/main.c:451:14:eMBRegHoldingCB	48	static
../Core/Src/main.c:512:14:eMBRegInputCB	16	static
../Core/Src/main.c:517:14:eMBRegCoilsCB	32	static
../Core/Src/main.c:522:14:eMBRegDiscreteCB	16	static
../Core/Src/main.c:533:6:Error_Handler	8	static,ignoring_inline_asm
