../Core/Src/stm32g0xx_it.c:77:6:NMI_Handler	8	static
../Core/Src/stm32g0xx_it.c:92:6:HardFault_Handler	8	static
../Core/Src/stm32g0xx_it.c:107:6:SVC_Handler	8	static
../Core/Src/stm32g0xx_it.c:120:6:PendSV_Handler	8	static
../Core/Src/stm32g0xx_it.c:133:6:SysTick_Handler	8	static
../Core/Src/stm32g0xx_it.c:154:6:DMA1_Channel1_IRQHandler	8	static
../Core/Src/stm32g0xx_it.c:168:6:ADC1_IRQHandler	8	static
../Core/Src/stm32g0xx_it.c:182:6:TIM3_IRQHandler	8	static
../Core/Src/stm32g0xx_it.c:196:6:TIM14_IRQHandler	8	static
../Core/Src/stm32g0xx_it.c:215:6:TIM17_IRQHandler	8	static
../Core/Src/stm32g0xx_it.c:229:6:USART2_IRQHandler	16	static
