../DCMotor/dcmotor.c:4:6:map	24	static
../DCMotor/dcmotor.c:9:10:Timer_GetMaxPeriod	8	static
../DCMotor/dcmotor.c:18:6:DCMotor_Init	16	static
../DCMotor/dcmotor.c:41:6:DCMotor_Deinit	8	static
../DCMotor/dcmotor.c:56:6:DCMotor_SetElapsedTime	16	static
../DCMotor/dcmotor.c:61:10:DCMotor_GetElapsedTime	8	static
../DCMotor/dcmotor.c:66:10:DCMotor_GetAcceleration	8	static
../DCMotor/dcmotor.c:71:6:DCMotor_HoldSpeed	16	static
../DCMotor/dcmotor.c:76:6:DCMotor_SetSpeed	24	static
../DCMotor/dcmotor.c:86:6:DCMotor_SetDirection	16	static
../DCMotor/dcmotor.c:91:9:DCMotor_GetDirectionValue	8	static
../DCMotor/dcmotor.c:96:6:DCMotor_GetDirection	8	static
../DCMotor/dcmotor.c:102:6:DCMotor_Start	16	static
../DCMotor/dcmotor.c:107:9:DCMotor_IsRunning	8	static
../DCMotor/dcmotor.c:112:6:__update_current_filter	16	static
../DCMotor/dcmotor.c:117:6:__faster	8	static
../DCMotor/dcmotor.c:127:6:__slower	8	static
../DCMotor/dcmotor.c:137:6:DCMotor_Update	8	static
../DCMotor/dcmotor.c:182:6:DCMotor_Stop	8	static
../DCMotor/dcmotor.c:193:6:DCMotor_Reset	8	static
../DCMotor/dcmotor.c:205:6:DCMotor_Brake	16	static
../DCMotor/dcmotor.c:213:6:DCMotor_GetSensor	40	static
../DCMotor/dcmotor.c:230:6:DCMotor_CalibrateCurrent	40	static
../DCMotor/dcmotor.c:253:5:DCMotor_GetMaxCurrentFilter	8	static
../DCMotor/dcmotor.c:258:5:DCMotor_GetCurrentValue	8	static
../DCMotor/dcmotor.c:265:5:DCMotor_GetFilteredCurrent	8	static
../DCMotor/dcmotor.c:270:5:DCMotor_GetVoltageValue	8	static
../DCMotor/dcmotor.c:277:5:DCMotor_GetResistanceValue	16	static
../DCMotor/dcmotor.c:284:6:DCMotor_SetCurrentLimit	16	static
../DCMotor/dcmotor.c:289:6:DCMotor_SetVoltageLimit	16	static
../DCMotor/dcmotor.c:294:5:DCMotor_GetCurrentLimit	8	static
../DCMotor/dcmotor.c:299:5:DCMotor_GetCurrentSpeed	8	static
