../DCMotor/dcmotor.c:4:6:map	24	static
../DCMotor/dcmotor.c:9:10:Timer_GetMaxPeriod	8	static
../DCMotor/dcmotor.c:18:6:DCMotor_Init	16	static
../DCMotor/dcmotor.c:42:6:DCMotor_SetElapsedTime	16	static
../DCMotor/dcmotor.c:52:10:DCMotor_GetElapsedTime	8	static
../DCMotor/dcmotor.c:62:10:DCMotor_GetAcceleration	8	static
../DCMotor/dcmotor.c:72:6:DCMotor_HoldSpeed	16	static
../DCMotor/dcmotor.c:82:6:DCMotor_SetSpeed	24	static
../DCMotor/dcmotor.c:92:6:DCMotor_SetDirection	16	static
../DCMotor/dcmotor.c:97:9:DCMotor_GetDirectionValue	8	static
../DCMotor/dcmotor.c:102:10:__clockwise	8	static
../DCMotor/dcmotor.c:107:10:__counterclockwise	8	static
../DCMotor/dcmotor.c:112:6:DCMotor_GetDirection	8	static
../DCMotor/dcmotor.c:118:9:DCMotor_Status	8	static
../DCMotor/dcmotor.c:123:6:__update_current_filter	16	static
../DCMotor/dcmotor.c:128:6:__faster	8	static
../DCMotor/dcmotor.c:138:6:__slower	8	static
../DCMotor/dcmotor.c:148:6:DCMotor_Update	16	static
../DCMotor/dcmotor.c:195:6:DCMotor_Start	8	static
../DCMotor/dcmotor.c:200:6:DCMotor_Stop	8	static
../DCMotor/dcmotor.c:205:6:DCMotor_Reset	8	static
../DCMotor/dcmotor.c:220:6:DCMotor_Brake	16	static
../DCMotor/dcmotor.c:228:6:DCMotor_GetSensor	40	static
../DCMotor/dcmotor.c:245:5:DCMotor_CalibrateCurrent	32	static
../DCMotor/dcmotor.c:270:5:DCMotor_GetMaxCurrentFilter	8	static
../DCMotor/dcmotor.c:275:5:DCMotor_GetCurrentValue	8	static
../DCMotor/dcmotor.c:282:5:DCMotor_GetFilteredCurrent	8	static
../DCMotor/dcmotor.c:287:5:DCMotor_GetVoltageValue	8	static
../DCMotor/dcmotor.c:294:5:DCMotor_GetResistanceValue	16	static
../DCMotor/dcmotor.c:301:6:DCMotor_SetCurrentLimit	16	static
../DCMotor/dcmotor.c:306:6:DCMotor_SetVoltageLimit	16	static
../DCMotor/dcmotor.c:311:5:DCMotor_GetCurrentLimit	8	static
../DCMotor/dcmotor.c:316:5:DCMotor_GetVoltageLimit	8	static
../DCMotor/dcmotor.c:321:5:DCMotor_GetCurrentSpeed	8	static
