../DCMotor/DCMotor.c:7:6:map	24	static
../DCMotor/DCMotor.c:12:10:Timer_GetMaxPeriod	8	static
../DCMotor/DCMotor.c:21:6:DCMotor_Init	16	static
../DCMotor/DCMotor.c:44:6:DCMotor_Deinit	8	static
../DCMotor/DCMotor.c:59:6:DCMotor_SetElapsedTime	16	static
../DCMotor/DCMotor.c:64:10:DCMotor_GetAcceleration	8	static
../DCMotor/DCMotor.c:69:6:DCMotor_SetSpeed	24	static
../DCMotor/DCMotor.c:77:6:DCMotor_SetDirection	16	static
../DCMotor/DCMotor.c:85:6:DCMotor_Start	16	static
../DCMotor/DCMotor.c:90:9:DCMotor_IsRunning	8	static
../DCMotor/DCMotor.c:95:6:DCMotor_GetDirection	8	static
../DCMotor/DCMotor.c:110:6:__run_faster	8	static
../DCMotor/DCMotor.c:120:6:__run_slower	8	static
../DCMotor/DCMotor.c:130:6:DCMotor_Run	16	static
../DCMotor/DCMotor.c:149:6:DCMotor_Update	16	static
../DCMotor/DCMotor.c:168:6:DCMotor_Stop	8	static
../DCMotor/DCMotor.c:189:6:DCMotor_Jogg	24	static
../DCMotor/DCMotor.c:198:6:DCMotor_Reset	8	static
../DCMotor/DCMotor.c:210:6:DCMotor_Brake	16	static
../DCMotor/DCMotor.c:218:6:DCMotor_GetSensor	40	static
../DCMotor/DCMotor.c:235:6:DCMotor_CalibrateCurrent	40	static
../DCMotor/DCMotor.c:258:5:DCMotor_GetMaxCurrentFilter	8	static
../DCMotor/DCMotor.c:263:5:DCMotor_GetCurrentValue	8	static
../DCMotor/DCMotor.c:270:5:DCMotor_GetVoltageValue	8	static
../DCMotor/DCMotor.c:277:5:DCMotor_GetResistanceValue	16	static
../DCMotor/DCMotor.c:284:6:DCMotor_SetCurrentLimit	16	static
../DCMotor/DCMotor.c:289:6:DCMotor_SetVoltageLimit	16	static
../DCMotor/DCMotor.c:294:5:DCMotor_GetCurrentLimit	8	static
../DCMotor/DCMotor.c:299:5:DCMotor_GetCurrentSpeed	8	static
