../DC_Motor/DC_Motor.c:4:6:map	24	static
../DC_Motor/DC_Motor.c:9:10:Timer_GetMaxPeriod	8	static
../DC_Motor/DC_Motor.c:18:6:DCMotor_Init	16	static
../DC_Motor/DC_Motor.c:36:6:DCMotor_Deinit	8	static
../DC_Motor/DC_Motor.c:51:6:DCMotor_SetAcceleration	16	static
../DC_Motor/DC_Motor.c:56:6:DCMotor_SetSpeed	24	static
../DC_Motor/DC_Motor.c:63:6:DCMotor_SetDirection	16	static
../DC_Motor/DC_Motor.c:69:6:_run_faster	24	static
../DC_Motor/DC_Motor.c:77:6:_run_slower	24	static
../DC_Motor/DC_Motor.c:86:6:DCMotor_Run	16	static
../DC_Motor/DC_Motor.c:93:6:DCMotor_Stop	16	static
../DC_Motor/DC_Motor.c:104:6:DCMotor_Jogg	24	static
../DC_Motor/DC_Motor.c:113:6:DCMotor_Reset	8	static
../DC_Motor/DC_Motor.c:125:6:DCMotor_Brake	16	static
../DC_Motor/DC_Motor.c:133:6:DCMotor_GetSensor	40	static
../DC_Motor/DC_Motor.c:150:6:DCMotor_CalibrateCurrent	40	static
../DC_Motor/DC_Motor.c:173:5:DCMotor_GetMaxCurrentFilter	8	static
../DC_Motor/DC_Motor.c:178:5:DCMotor_GetCurrentValue	8	static
../DC_Motor/DC_Motor.c:185:5:DCMotor_GetVoltageValue	8	static
../DC_Motor/DC_Motor.c:192:5:DCMotor_GetResistanceValue	16	static
../DC_Motor/DC_Motor.c:199:6:DCMotor_SetCurrentLimit	16	static
../DC_Motor/DC_Motor.c:204:6:DCMotor_SetVoltageLimit	16	static
../DC_Motor/DC_Motor.c:209:5:DCMotor_GetCurrentLimit	8	static
../DC_Motor/DC_Motor.c:214:5:DCMotor_GetSpeed	8	static
../DC_Motor/DC_Motor.c:219:5:DCMotor_GetAcceleration	8	static
